\BOOKMARK [0][-]{chapter*.1}{\376\377\000P\000r\000e\000f\000a\000z\000i\000o\000n\000e}{}% 1
\BOOKMARK [0][-]{chapter.1}{\376\377\000I\000n\000t\000r\000o\000d\000u\000z\000i\000o\000n\000e\000\040\000a\000l\000\040\000D\000e\000e\000p\000\040\000L\000e\000a\000r\000n\000i\000n\000g}{}% 2
\BOOKMARK [1][-]{section.1.1}{\376\377\000M\000a\000c\000h\000i\000n\000e\000\040\000L\000e\000a\000r\000n\000i\000n\000g\000\040\000v\000s\000\040\000D\000e\000e\000p\000\040\000L\000e\000a\000r\000n\000i\000n\000g}{chapter.1}% 3
\BOOKMARK [1][-]{section.1.2}{\376\377\000M\000o\000d\000e\000l\000l\000o\000\040\000P\000a\000r\000a\000m\000e\000t\000r\000i\000c\000o\000\040\000e\000\040\000F\000u\000n\000z\000i\000o\000n\000e\000\040\000d\000i\000\040\000C\000o\000s\000t\000o}{chapter.1}% 4
\BOOKMARK [2][-]{subsection.1.2.1}{\376\377\000N\000o\000t\000a\000z\000i\000o\000n\000e\000\040\000c\000o\000n\000\040\000g\000r\000a\000f\000i\000\040\000a\000\040\000b\000l\000o\000c\000c\000h\000i}{section.1.2}% 5
\BOOKMARK [2][-]{subsection.1.2.2}{\376\377\000F\000u\000n\000z\000i\000o\000n\000e\000\040\000d\000i\000\040\000l\000o\000s\000s\000\040\000e\000\040\000l\000o\000s\000s\000\040\000m\000e\000d\000i\000a}{section.1.2}% 6
\BOOKMARK [1][-]{section.1.3}{\376\377\000R\000e\000t\000i\000\040\000N\000e\000u\000r\000a\000l\000i\000\040\000T\000r\000a\000d\000i\000z\000i\000o\000n\000a\000l\000i}{chapter.1}% 7
\BOOKMARK [2][-]{subsection.1.3.1}{\376\377\000I\000m\000p\000l\000e\000m\000e\000n\000t\000a\000z\000i\000o\000n\000e\000\040\000i\000n\000\040\000P\000y\000T\000o\000r\000c\000h}{section.1.3}% 8
\BOOKMARK [1][-]{section.1.4}{\376\377\000G\000r\000a\000f\000i\000\040\000C\000o\000m\000p\000u\000t\000a\000z\000i\000o\000n\000a\000l\000i\000\040\000e\000\040\000B\000a\000c\000k\000p\000r\000o\000p\000a\000g\000a\000t\000i\000o\000n}{chapter.1}% 9
\BOOKMARK [2][-]{subsection.1.4.1}{\376\377\000R\000e\000g\000o\000l\000a\000\040\000d\000e\000l\000l\000a\000\040\000c\000a\000t\000e\000n\000a\000\040\040\023\000\040\000c\000a\000s\000o\000\040\000s\000c\000a\000l\000a\000r\000e}{section.1.4}% 10
\BOOKMARK [2][-]{subsection.1.4.2}{\376\377\000C\000a\000s\000o\000\040\000v\000e\000t\000t\000o\000r\000i\000a\000l\000e\000\040\000e\000\040\000m\000a\000t\000r\000i\000c\000e\000\040\000J\000a\000c\000o\000b\000i\000a\000n\000a}{section.1.4}% 11
\BOOKMARK [2][-]{subsection.1.4.3}{\376\377\000B\000a\000c\000k\000p\000r\000o\000p\000\040\000i\000n\000\040\000u\000n\000\040\000g\000r\000a\000f\000o\000\040\000m\000u\000l\000t\000i\000-\000s\000t\000a\000d\000i\000o}{section.1.4}% 12
\BOOKMARK [1][-]{section.1.5}{\376\377\000R\000i\000e\000p\000i\000l\000o\000g\000o}{chapter.1}% 13
\BOOKMARK [0][-]{chapter.2}{\376\377\000A\000r\000c\000h\000i\000t\000e\000t\000t\000u\000r\000e\000\040\000d\000i\000\040\000B\000a\000s\000e}{}% 14
\BOOKMARK [1][-]{section.2.1}{\376\377\000M\000o\000d\000u\000l\000i\000\040\000M\000o\000l\000t\000i\000p\000l\000i\000c\000a\000t\000i\000v\000i}{chapter.2}% 15
\BOOKMARK [2][-]{subsection.2.1.1}{\376\377\000U\000n\000i\000t\000\340\000\040\000S\000i\000g\000m\000a\000-\000P\000i\000\040\000e\000\040\000l\000a\000y\000e\000r\000\040\000q\000u\000a\000d\000r\000a\000t\000i\000c\000o}{section.2.1}% 16
\BOOKMARK [2][-]{subsection.2.1.2}{\376\377\000M\000o\000d\000u\000l\000o\000\040\000d\000i\000\040\000a\000t\000t\000e\000n\000z\000i\000o\000n\000e}{section.2.1}% 17
\BOOKMARK [2][-]{subsection.2.1.3}{\376\377\000P\000r\000o\000p\000r\000i\000e\000t\000\340\000\040\000d\000i\000\040\000d\000i\000f\000f\000e\000r\000e\000n\000z\000i\000a\000b\000i\000l\000i\000t\000\340}{section.2.1}% 18
\BOOKMARK [1][-]{section.2.2}{\376\377\000M\000i\000x\000t\000u\000r\000e\000\040\000o\000f\000\040\000E\000x\000p\000e\000r\000t\000s}{chapter.2}% 19
\BOOKMARK [1][-]{section.2.3}{\376\377\000T\000r\000a\000s\000f\000o\000r\000m\000a\000z\000i\000o\000n\000i\000\040\000d\000e\000i\000\040\000P\000a\000r\000a\000m\000e\000t\000r\000i}{chapter.2}% 20
\BOOKMARK [2][-]{subsection.2.3.1}{\376\377\000W\000e\000i\000g\000h\000t\000\040\000s\000h\000a\000r\000i\000n\000g\000\040\040\023\000\040\000c\000o\000n\000d\000i\000v\000i\000s\000i\000o\000n\000e\000\040\000d\000e\000i\000\040\000p\000e\000s\000i}{section.2.3}% 21
\BOOKMARK [2][-]{subsection.2.3.2}{\376\377\000S\000h\000a\000r\000e\000d\000\040\000w\000e\000i\000g\000h\000t\000s\000\040\000p\000e\000r\000\040\000l\000a\000\040\000r\000i\000l\000e\000v\000a\000z\000i\000o\000n\000e\000\040\000d\000i\000\040\000m\000o\000t\000i\000f}{section.2.3}% 22
\BOOKMARK [1][-]{section.2.4}{\376\377\000R\000i\000e\000p\000i\000l\000o\000g\000o}{chapter.2}% 23
\BOOKMARK [0][-]{chapter.3}{\376\377\000L\000e\000a\000r\000n\000i\000n\000g\000\040\000R\000e\000p\000r\000e\000s\000e\000n\000t\000a\000t\000i\000o\000n\000s}{}% 24
\BOOKMARK [1][-]{section.3.1}{\376\377\000L\000i\000m\000i\000t\000i\000\040\000d\000e\000i\000\040\000C\000l\000a\000s\000s\000i\000f\000i\000c\000a\000t\000o\000r\000i\000\040\000L\000i\000n\000e\000a\000r\000i}{chapter.3}% 25
\BOOKMARK [1][-]{section.3.2}{\376\377\000L\000a\000\040\000S\000o\000l\000u\000z\000i\000o\000n\000e\000:\000\040\000R\000a\000p\000p\000r\000e\000s\000e\000n\000t\000a\000z\000i\000o\000n\000i\000\040\000\050\000F\000e\000a\000t\000u\000r\000e\000\051}{chapter.3}% 26
\BOOKMARK [2][-]{subsection.3.2.1}{\376\377\000I\000d\000e\000e\000\040\000p\000e\000r\000\040\000l\000'\000e\000s\000t\000r\000a\000z\000i\000o\000n\000e\000\040\000g\000e\000n\000e\000r\000i\000c\000a\000\040\000d\000i\000\040\000f\000e\000a\000t\000u\000r\000e}{section.3.2}% 27
\BOOKMARK [2][-]{subsection.3.2.2}{\376\377\000F\000e\000a\000t\000u\000r\000e\000\040\000m\000o\000n\000o\000m\000i\000a\000l\000i\000\040\000e\000\040\000l\000i\000m\000i\000t\000i}{section.3.2}% 28
\BOOKMARK [1][-]{section.3.3}{\376\377\000R\000e\000t\000i\000\040\000S\000h\000a\000l\000l\000o\000w\000\040\000v\000s\000\040\000R\000e\000t\000i\000\040\000P\000r\000o\000f\000o\000n\000d\000e}{chapter.3}% 29
\BOOKMARK [2][-]{subsection.3.3.1}{\376\377\000L\000e\000\040\000r\000e\000t\000i\000\040\000s\000h\000a\000l\000l\000o\000w\000\040\000s\000o\000n\000o\000\040\000a\000p\000p\000r\000o\000s\000s\000i\000m\000a\000t\000o\000r\000i\000\040\000u\000n\000i\000v\000e\000r\000s\000a\000l\000i}{section.3.3}% 30
\BOOKMARK [2][-]{subsection.3.3.2}{\376\377\000P\000e\000r\000c\000h\000\351\000\040\000s\000e\000r\000v\000o\000n\000o\000\040\000a\000r\000c\000h\000i\000t\000e\000t\000t\000u\000r\000e\000\040\000p\000r\000o\000f\000o\000n\000d\000e\000?}{section.3.3}% 31
\BOOKMARK [1][-]{section.3.4}{\376\377\000I\000n\000v\000a\000r\000i\000a\000n\000t\000\040\000F\000e\000a\000t\000u\000r\000e\000\040\000L\000e\000a\000r\000n\000i\000n\000g}{chapter.3}% 32
\BOOKMARK [1][-]{section.3.5}{\376\377\000L\000'\000I\000p\000o\000t\000e\000s\000i\000\040\000d\000e\000l\000\040\000M\000a\000n\000i\000f\000o\000l\000d}{chapter.3}% 33
\BOOKMARK [1][-]{section.3.6}{\376\377\000D\000i\000s\000e\000n\000t\000a\000n\000g\000l\000i\000n\000g\000\040\000e\000\040\000A\000p\000p\000r\000e\000n\000d\000i\000m\000e\000n\000t\000o\000\040\000d\000e\000l\000l\000e\000\040\000R\000a\000p\000p\000r\000e\000s\000e\000n\000t\000a\000z\000i\000o\000n\000i}{chapter.3}% 34
\BOOKMARK [1][-]{section.3.7}{\376\377\000A\000r\000c\000h\000i\000t\000e\000t\000t\000u\000r\000e\000\040\000M\000u\000l\000t\000i\000l\000a\000y\000e\000r\000\040\000=\000\040\000S\000t\000r\000u\000t\000t\000u\000r\000a\000\040\000C\000o\000m\000p\000o\000s\000i\000t\000i\000v\000a}{chapter.3}% 35
\BOOKMARK [1][-]{section.3.8}{\376\377\000R\000i\000e\000p\000i\000l\000o\000g\000o}{chapter.3}% 36
\BOOKMARK [0][-]{chapter.4}{\376\377\000A\000c\000t\000i\000v\000a\000t\000i\000o\000n\000\040\000F\000u\000n\000c\000t\000i\000o\000n\000s}{}% 37
\BOOKMARK [1][-]{section.4.1}{\376\377\000I\000l\000\040\000P\000r\000o\000b\000l\000e\000m\000a\000\040\000d\000e\000l\000\040\000V\000a\000n\000i\000s\000h\000i\000n\000g\000\040\000G\000r\000a\000d\000i\000e\000n\000t}{chapter.4}% 38
\BOOKMARK [1][-]{section.4.2}{\376\377\000P\000a\000n\000o\000r\000a\000m\000i\000c\000a\000:\000\040\000S\000a\000t\000u\000r\000a\000t\000i\000n\000g\000\040\000v\000s\000\040\000N\000o\000n\000-\000S\000a\000t\000u\000r\000a\000t\000i\000n\000g}{chapter.4}% 39
\BOOKMARK [1][-]{section.4.3}{\376\377\000F\000a\000m\000i\000g\000l\000i\000a\000\040\000R\000e\000L\000U}{chapter.4}% 40
\BOOKMARK [2][-]{subsection.4.3.1}{\376\377\000R\000e\000L\000U\000\040\040\023\000\040\000n\000n\000.\000R\000e\000L\000U\000\050\000\051}{section.4.3}% 41
\BOOKMARK [2][-]{subsection.4.3.2}{\376\377\000L\000e\000a\000k\000y\000\040\000R\000e\000L\000U\000\040\040\023\000\040\000n\000n\000.\000L\000e\000a\000k\000y\000R\000e\000L\000U\000\050\000\051}{section.4.3}% 42
\BOOKMARK [2][-]{subsection.4.3.3}{\376\377\000P\000R\000e\000L\000U\000\040\040\023\000\040\000n\000n\000.\000P\000R\000e\000L\000U\000\050\000\051}{section.4.3}% 43
\BOOKMARK [2][-]{subsection.4.3.4}{\376\377\000R\000R\000e\000L\000U\000\040\040\023\000\040\000n\000n\000.\000R\000R\000e\000L\000U\000\050\000\051}{section.4.3}% 44
\BOOKMARK [2][-]{subsection.4.3.5}{\376\377\000R\000e\000L\000U\0006\000\040\040\023\000\040\000n\000n\000.\000R\000e\000L\000U\0006\000\050\000\051}{section.4.3}% 45
\BOOKMARK [1][-]{section.4.4}{\376\377\000F\000a\000m\000i\000g\000l\000i\000a\000\040\000E\000L\000U}{chapter.4}% 46
\BOOKMARK [2][-]{subsection.4.4.1}{\376\377\000E\000L\000U\000\040\040\023\000\040\000n\000n\000.\000E\000L\000U\000\050\000\051}{section.4.4}% 47
\BOOKMARK [2][-]{subsection.4.4.2}{\376\377\000C\000E\000L\000U\000\040\040\023\000\040\000n\000n\000.\000C\000E\000L\000U\000\050\000\051}{section.4.4}% 48
\BOOKMARK [2][-]{subsection.4.4.3}{\376\377\000S\000E\000L\000U\000\040\040\023\000\040\000n\000n\000.\000S\000E\000L\000U\000\050\000\051}{section.4.4}% 49
\BOOKMARK [1][-]{section.4.5}{\376\377\000S\000o\000f\000t\000p\000l\000u\000s\000\040\000e\000\040\000G\000E\000L\000U}{chapter.4}% 50
\BOOKMARK [2][-]{subsection.4.5.1}{\376\377\000S\000o\000f\000t\000p\000l\000u\000s\000\040\040\023\000\040\000n\000n\000.\000S\000o\000f\000t\000p\000l\000u\000s\000\050\000\051}{section.4.5}% 51
\BOOKMARK [2][-]{subsection.4.5.2}{\376\377\000G\000E\000L\000U\000\040\040\023\000\040\000n\000n\000.\000G\000E\000L\000U\000\050\000\051}{section.4.5}% 52
\BOOKMARK [1][-]{section.4.6}{\376\377\000F\000u\000n\000z\000i\000o\000n\000i\000\040\000S\000a\000t\000u\000r\000a\000n\000t\000i}{chapter.4}% 53
\BOOKMARK [2][-]{subsection.4.6.1}{\376\377\000S\000i\000g\000m\000o\000i\000d\000\040\040\023\000\040\000n\000n\000.\000S\000i\000g\000m\000o\000i\000d\000\050\000\051}{section.4.6}% 54
\BOOKMARK [2][-]{subsection.4.6.2}{\376\377\000T\000a\000n\000h\000\040\040\023\000\040\000n\000n\000.\000T\000a\000n\000h\000\050\000\051}{section.4.6}% 55
\BOOKMARK [2][-]{subsection.4.6.3}{\376\377\000H\000a\000r\000d\000t\000a\000n\000h\000\040\040\023\000\040\000n\000n\000.\000H\000a\000r\000d\000t\000a\000n\000h\000\050\000\051}{section.4.6}% 56
\BOOKMARK [2][-]{subsection.4.6.4}{\376\377\000S\000o\000f\000t\000s\000i\000g\000n\000\040\040\023\000\040\000n\000n\000.\000S\000o\000f\000t\000s\000i\000g\000n\000\050\000\051}{section.4.6}% 57
\BOOKMARK [1][-]{section.4.7}{\376\377\000F\000u\000n\000z\000i\000o\000n\000i\000\040\000S\000h\000r\000i\000n\000k\000\040\000e\000\040\000T\000h\000r\000e\000s\000h\000o\000l\000d}{chapter.4}% 58
\BOOKMARK [2][-]{subsection.4.7.1}{\376\377\000T\000h\000r\000e\000s\000h\000o\000l\000d\000\040\040\023\000\040\000n\000n\000.\000T\000h\000r\000e\000s\000h\000o\000l\000d\000\050\000\051}{section.4.7}% 59
\BOOKMARK [2][-]{subsection.4.7.2}{\376\377\000T\000a\000n\000h\000s\000h\000r\000i\000n\000k\000\040\040\023\000\040\000n\000n\000.\000T\000a\000n\000h\000s\000h\000r\000i\000n\000k\000\050\000\051}{section.4.7}% 60
\BOOKMARK [2][-]{subsection.4.7.3}{\376\377\000S\000o\000f\000t\000s\000h\000r\000i\000n\000k\000\040\040\023\000\040\000n\000n\000.\000S\000o\000f\000t\000s\000h\000r\000i\000n\000k\000\050\000\051}{section.4.7}% 61
\BOOKMARK [2][-]{subsection.4.7.4}{\376\377\000H\000a\000r\000d\000s\000h\000r\000i\000n\000k\000\040\040\023\000\040\000n\000n\000.\000H\000a\000r\000d\000s\000h\000r\000i\000n\000k\000\050\000\051}{section.4.7}% 62
\BOOKMARK [1][-]{section.4.8}{\376\377\000L\000o\000g\000S\000i\000g\000m\000o\000i\000d\000\040\040\023\000\040\000n\000n\000.\000L\000o\000g\000S\000i\000g\000m\000o\000i\000d\000\050\000\051}{chapter.4}% 63
\BOOKMARK [1][-]{section.4.9}{\376\377\000F\000u\000n\000z\000i\000o\000n\000i\000\040\000V\000e\000t\000t\000o\000r\000i\000a\000l\000i\000:\000\040\000S\000o\000f\000t\000m\000i\000n\000,\000\040\000S\000o\000f\000t\000m\000a\000x\000,\000\040\000L\000o\000g\000S\000o\000f\000t\000m\000a\000x}{chapter.4}% 64
\BOOKMARK [2][-]{subsection.4.9.1}{\376\377\000S\000o\000f\000t\000m\000i\000n\000\040\040\023\000\040\000n\000n\000.\000S\000o\000f\000t\000m\000i\000n\000\050\000\051}{section.4.9}% 65
\BOOKMARK [2][-]{subsection.4.9.2}{\376\377\000S\000o\000f\000t\000\050\000a\000r\000g\000\051\000m\000a\000x\000\040\040\023\000\040\000n\000n\000.\000S\000o\000f\000t\000m\000a\000x\000\050\000\051}{section.4.9}% 66
\BOOKMARK [2][-]{subsection.4.9.3}{\376\377\000L\000o\000g\000S\000o\000f\000t\000\050\000a\000r\000g\000\051\000m\000a\000x\000\040\040\023\000\040\000n\000n\000.\000L\000o\000g\000S\000o\000f\000t\000m\000a\000x\000\050\000\051}{section.4.9}% 67
\BOOKMARK [1][-]{section.4.10}{\376\377\000S\000o\000f\000t\000m\000a\000x\000\040\000e\000\040\000C\000r\000o\000s\000s\000-\000E\000n\000t\000r\000o\000p\000y\000\040\000L\000o\000s\000s}{chapter.4}% 68
\BOOKMARK [1][-]{section.4.11}{\376\377\000G\000u\000i\000d\000a\000\040\000P\000r\000a\000t\000i\000c\000a\000\040\000a\000l\000l\000a\000\040\000S\000c\000e\000l\000t\000a}{chapter.4}% 69
\BOOKMARK [1][-]{section.4.12}{\376\377\000R\000i\000e\000p\000i\000l\000o\000g\000o}{chapter.4}% 70
\BOOKMARK [0][-]{chapter.5}{\376\377\000L\000o\000s\000s\000\040\000F\000u\000n\000c\000t\000i\000o\000n\000s}{}% 71
\BOOKMARK [1][-]{section.5.1}{\376\377\000L\000o\000s\000s\000\040\000p\000e\000r\000\040\000R\000e\000g\000r\000e\000s\000s\000i\000o\000n\000e}{chapter.5}% 72
\BOOKMARK [2][-]{subsection.5.1.1}{\376\377\000M\000S\000E\000\040\000L\000o\000s\000s\000\040\040\023\000\040\000n\000n\000.\000M\000S\000E\000L\000o\000s\000s\000\050\000\051}{section.5.1}% 73
\BOOKMARK [2][-]{subsection.5.1.2}{\376\377\000L\0001\000\040\000L\000o\000s\000s\000\040\040\023\000\040\000n\000n\000.\000L\0001\000L\000o\000s\000s\000\050\000\051}{section.5.1}% 74
\BOOKMARK [2][-]{subsection.5.1.3}{\376\377\000S\000m\000o\000o\000t\000h\000\040\000L\0001\000\040\000L\000o\000s\000s\000\040\000\050\000H\000u\000b\000e\000r\000\040\000L\000o\000s\000s\000\051\000\040\040\023\000\040\000n\000n\000.\000S\000m\000o\000o\000t\000h\000L\0001\000L\000o\000s\000s\000\050\000\051}{section.5.1}% 75
\BOOKMARK [2][-]{subsection.5.1.4}{\376\377\000L\0001\000\040\000v\000s\000.\000\040\000L\0002\000\040\000i\000n\000\040\000C\000o\000m\000p\000u\000t\000e\000r\000\040\000V\000i\000s\000i\000o\000n}{section.5.1}% 76
\BOOKMARK [1][-]{section.5.2}{\376\377\000L\000o\000s\000s\000\040\000p\000e\000r\000\040\000C\000l\000a\000s\000s\000i\000f\000i\000c\000a\000z\000i\000o\000n\000e}{chapter.5}% 77
\BOOKMARK [2][-]{subsection.5.2.1}{\376\377\000N\000L\000L\000\040\000L\000o\000s\000s\000\040\040\023\000\040\000n\000n\000.\000N\000L\000L\000L\000o\000s\000s\000\050\000\051}{section.5.2}% 78
\BOOKMARK [2][-]{subsection.5.2.2}{\376\377\000G\000e\000s\000t\000i\000o\000n\000e\000\040\000d\000e\000i\000\040\000D\000a\000t\000a\000s\000e\000t\000\040\000S\000b\000i\000l\000a\000n\000c\000i\000a\000t\000i}{section.5.2}% 79
\BOOKMARK [2][-]{subsection.5.2.3}{\376\377\000C\000r\000o\000s\000s\000-\000E\000n\000t\000r\000o\000p\000y\000\040\000L\000o\000s\000s\000\040\040\023\000\040\000n\000n\000.\000C\000r\000o\000s\000s\000E\000n\000t\000r\000o\000p\000y\000L\000o\000s\000s\000\050\000\051}{section.5.2}% 80
\BOOKMARK [2][-]{subsection.5.2.4}{\376\377\000B\000i\000n\000a\000r\000y\000\040\000C\000r\000o\000s\000s\000\040\000E\000n\000t\000r\000o\000p\000y\000\040\040\023\000\040\000n\000n\000.\000B\000C\000E\000L\000o\000s\000s\000\050\000\051}{section.5.2}% 81
\BOOKMARK [2][-]{subsection.5.2.5}{\376\377\000B\000C\000E\000\040\000w\000i\000t\000h\000\040\000L\000o\000g\000i\000t\000s\000\040\040\023\000\040\000n\000n\000.\000B\000C\000E\000W\000i\000t\000h\000L\000o\000g\000i\000t\000s\000L\000o\000s\000s\000\050\000\051}{section.5.2}% 82
\BOOKMARK [2][-]{subsection.5.2.6}{\376\377\000N\000L\000L\000\040\000L\000o\000s\000s\000\040\000A\000d\000a\000t\000t\000i\000v\000a\000\040\040\023\000\040\000n\000n\000.\000A\000d\000a\000p\000t\000i\000v\000e\000L\000o\000g\000S\000o\000f\000t\000m\000a\000x\000W\000i\000t\000h\000L\000o\000s\000s\000\050\000\051}{section.5.2}% 83
\BOOKMARK [2][-]{subsection.5.2.7}{\376\377\000K\000L\000\040\000D\000i\000v\000e\000r\000g\000e\000n\000c\000e\000\040\000L\000o\000s\000s\000\040\040\023\000\040\000n\000n\000.\000K\000L\000D\000i\000v\000L\000o\000s\000s\000\050\000\051}{section.5.2}% 84
\BOOKMARK [1][-]{section.5.3}{\376\377\000L\000o\000s\000s\000\040\000B\000a\000s\000a\000t\000e\000\040\000s\000u\000\040\000M\000a\000r\000g\000i\000n\000e}{chapter.5}% 85
\BOOKMARK [2][-]{subsection.5.3.1}{\376\377\000H\000i\000n\000g\000e\000\040\000E\000m\000b\000e\000d\000d\000i\000n\000g\000\040\000L\000o\000s\000s\000\040\040\023\000\040\000n\000n\000.\000H\000i\000n\000g\000e\000E\000m\000b\000e\000d\000d\000i\000n\000g\000L\000o\000s\000s\000\050\000\051}{section.5.3}% 86
\BOOKMARK [2][-]{subsection.5.3.2}{\376\377\000M\000a\000r\000g\000i\000n\000\040\000R\000a\000n\000k\000i\000n\000g\000\040\000L\000o\000s\000s\000\040\040\023\000\040\000n\000n\000.\000M\000a\000r\000g\000i\000n\000R\000a\000n\000k\000i\000n\000g\000L\000o\000s\000s\000\050\000\051}{section.5.3}% 87
\BOOKMARK [2][-]{subsection.5.3.3}{\376\377\000T\000r\000i\000p\000l\000e\000t\000\040\000M\000a\000r\000g\000i\000n\000\040\000L\000o\000s\000s\000\040\040\023\000\040\000n\000n\000.\000T\000r\000i\000p\000l\000e\000t\000M\000a\000r\000g\000i\000n\000L\000o\000s\000s\000\050\000\051}{section.5.3}% 88
\BOOKMARK [2][-]{subsection.5.3.4}{\376\377\000S\000o\000f\000t\000\040\000M\000a\000r\000g\000i\000n\000\040\000L\000o\000s\000s\000\040\040\023\000\040\000n\000n\000.\000S\000o\000f\000t\000M\000a\000r\000g\000i\000n\000L\000o\000s\000s\000\050\000\051}{section.5.3}% 89
\BOOKMARK [2][-]{subsection.5.3.5}{\376\377\000M\000u\000l\000t\000i\000-\000C\000l\000a\000s\000s\000\040\000H\000i\000n\000g\000e\000\040\000L\000o\000s\000s\000\040\040\023\000\040\000n\000n\000.\000M\000u\000l\000t\000i\000L\000a\000b\000e\000l\000M\000a\000r\000g\000i\000n\000L\000o\000s\000s\000\050\000\051}{section.5.3}% 90
\BOOKMARK [1][-]{section.5.4}{\376\377\000L\000o\000s\000s\000\040\000p\000e\000r\000\040\000E\000m\000b\000e\000d\000d\000i\000n\000g\000:\000\040\000C\000o\000s\000i\000n\000e\000\040\000E\000m\000b\000e\000d\000d\000i\000n\000g\000\040\000L\000o\000s\000s}{chapter.5}% 91
\BOOKMARK [2][-]{subsection.5.4.1}{\376\377\000F\000o\000r\000m\000u\000l\000a\000z\000i\000o\000n\000e}{section.5.4}% 92
\BOOKMARK [2][-]{subsection.5.4.2}{\376\377\000I\000n\000t\000e\000r\000p\000r\000e\000t\000a\000z\000i\000o\000n\000e\000\040\000G\000e\000o\000m\000e\000t\000r\000i\000c\000a}{section.5.4}% 93
\BOOKMARK [1][-]{section.5.5}{\376\377\000G\000u\000i\000d\000a\000\040\000P\000r\000a\000t\000i\000c\000a\000\040\000a\000l\000l\000a\000\040\000S\000c\000e\000l\000t\000a\000\040\000d\000e\000l\000l\000a\000\040\000L\000o\000s\000s}{chapter.5}% 94
\BOOKMARK [1][-]{section.5.6}{\376\377\000R\000i\000e\000p\000i\000l\000o\000g\000o}{chapter.5}% 95
\BOOKMARK [0][-]{chapter.6}{\376\377\000O\000t\000t\000i\000m\000i\000z\000z\000a\000z\000i\000o\000n\000e}{}% 96
\BOOKMARK [1][-]{section.6.1}{\376\377\000L\000a\000\040\000S\000u\000p\000e\000r\000f\000i\000c\000i\000e\000\040\000d\000i\000\040\000E\000r\000r\000o\000r\000e}{chapter.6}% 97
\BOOKMARK [2][-]{subsection.6.1.1}{\376\377\000N\000e\000u\000r\000o\000n\000i\000\040\000L\000i\000n\000e\000a\000r\000i\000\040\000e\000\040\000C\000i\000o\000t\000o\000l\000a\000\040\000Q\000u\000a\000d\000r\000a\000t\000i\000c\000a}{section.6.1}% 98
\BOOKMARK [2][-]{subsection.6.1.2}{\376\377\000I\000l\000\040\000P\000r\000o\000b\000l\000e\000m\000a\000\040\000d\000e\000l\000l\000a\000\040\000D\000i\000r\000e\000z\000i\000o\000n\000e\000\040\000d\000e\000l\000\040\000G\000r\000a\000d\000i\000e\000n\000t\000e}{section.6.1}% 99
\BOOKMARK [1][-]{section.6.2}{\376\377\000A\000l\000g\000o\000r\000i\000t\000m\000i\000\040\000d\000i\000\040\000A\000p\000p\000r\000e\000n\000d\000i\000m\000e\000n\000t\000o\000:\000\040\000B\000a\000t\000c\000h\000,\000\040\000M\000i\000n\000i\000-\000B\000a\000t\000c\000h\000,\000\040\000O\000n\000l\000i\000n\000e}{chapter.6}% 100
\BOOKMARK [2][-]{subsection.6.2.1}{\376\377\000R\000i\000d\000o\000n\000d\000a\000n\000z\000a\000\040\000n\000e\000l\000\040\000D\000a\000t\000a\000s\000e\000t}{section.6.2}% 101
\BOOKMARK [1][-]{section.6.3}{\376\377\000A\000c\000c\000o\000r\000g\000i\000m\000e\000n\000t\000i\000\040\000p\000e\000r\000\040\000i\000l\000\040\000M\000i\000n\000i\000-\000B\000a\000t\000c\000h\000\040\000G\000r\000a\000d\000i\000e\000n\000t\000\040\000D\000e\000s\000c\000e\000n\000t}{chapter.6}% 102
\BOOKMARK [2][-]{subsection.6.3.1}{\376\377\000L\000e\000a\000r\000n\000i\000n\000g\000\040\000R\000a\000t\000e\000\040\000e\000\040\000Q\000u\000a\000n\000d\000o\000\040\000R\000i\000d\000u\000r\000l\000o}{section.6.3}% 103
\BOOKMARK [2][-]{subsection.6.3.2}{\376\377\000I\000n\000i\000z\000i\000a\000l\000i\000z\000z\000a\000z\000i\000o\000n\000e\000\040\000d\000e\000i\000\040\000P\000e\000s\000i}{section.6.3}% 104
\BOOKMARK [2][-]{subsection.6.3.3}{\376\377\000P\000r\000e\000-\000e\000l\000a\000b\000o\000r\000a\000z\000i\000o\000n\000e\000\040\000d\000e\000g\000l\000i\000\040\000I\000n\000p\000u\000t}{section.6.3}% 105
\BOOKMARK [1][-]{section.6.4}{\376\377\000I\000l\000\040\000M\000e\000t\000o\000d\000o\000\040\000d\000e\000l\000\040\000M\000o\000m\000e\000n\000t\000u\000m}{chapter.6}% 106
\BOOKMARK [2][-]{subsection.6.4.1}{\376\377\000I\000n\000t\000u\000i\000z\000i\000o\000n\000e\000\040\000F\000i\000s\000i\000c\000a}{section.6.4}% 107
\BOOKMARK [2][-]{subsection.6.4.2}{\376\377\000E\000q\000u\000a\000z\000i\000o\000n\000i\000\040\000d\000e\000l\000\040\000M\000o\000m\000e\000n\000t\000u\000m\000\040\000\050\000S\000G\000D\000\040\000c\000o\000n\000\040\000M\000o\000m\000e\000n\000t\000u\000m\000\051}{section.6.4}% 108
\BOOKMARK [2][-]{subsection.6.4.3}{\376\377\000M\000o\000m\000e\000n\000t\000u\000m\000\040\000d\000i\000\040\000N\000e\000s\000t\000e\000r\000o\000v\000\040\000\050\000N\000A\000G\000\051}{section.6.4}% 109
\BOOKMARK [1][-]{section.6.5}{\376\377\000L\000e\000a\000r\000n\000i\000n\000g\000\040\000R\000a\000t\000e\000\040\000A\000d\000a\000t\000t\000a\000t\000i\000v\000i\000\040\000S\000e\000p\000a\000r\000a\000t\000i}{chapter.6}% 110
\BOOKMARK [2][-]{subsection.6.5.1}{\376\377\000M\000o\000t\000i\000v\000a\000z\000i\000o\000n\000e}{section.6.5}% 111
\BOOKMARK [2][-]{subsection.6.5.2}{\376\377\000D\000e\000t\000e\000r\000m\000i\000n\000a\000z\000i\000o\000n\000e\000\040\000d\000e\000i\000\040\000G\000u\000a\000d\000a\000g\000n\000i\000\040\000L\000o\000c\000a\000l\000i}{section.6.5}% 112
\BOOKMARK [1][-]{section.6.6}{\376\377\000r\000p\000r\000o\000p\000\040\000e\000\040\000r\000m\000s\000p\000r\000o\000p}{chapter.6}% 113
\BOOKMARK [2][-]{subsection.6.6.1}{\376\377\000r\000p\000r\000o\000p\000:\000\040\000S\000o\000l\000o\000\040\000i\000l\000\040\000S\000e\000g\000n\000o\000\040\000d\000e\000l\000\040\000G\000r\000a\000d\000i\000e\000n\000t\000e}{section.6.6}% 114
\BOOKMARK [2][-]{subsection.6.6.2}{\376\377\000r\000m\000s\000p\000r\000o\000p\000:\000\040\000V\000e\000r\000s\000i\000o\000n\000e\000\040\000M\000i\000n\000i\000-\000B\000a\000t\000c\000h\000\040\000d\000i\000\040\000r\000p\000r\000o\000p}{section.6.6}% 115
\BOOKMARK [1][-]{section.6.7}{\376\377\000M\000e\000t\000o\000d\000i\000\040\000A\000d\000a\000t\000t\000a\000t\000i\000v\000i\000\040\000A\000v\000a\000n\000z\000a\000t\000i}{chapter.6}% 116
\BOOKMARK [2][-]{subsection.6.7.1}{\376\377\000A\000d\000a\000g\000r\000a\000d}{section.6.7}% 117
\BOOKMARK [2][-]{subsection.6.7.2}{\376\377\000A\000d\000a\000d\000e\000l\000t\000a}{section.6.7}% 118
\BOOKMARK [2][-]{subsection.6.7.3}{\376\377\000A\000d\000a\000m\000:\000\040\000A\000d\000a\000p\000t\000i\000v\000e\000\040\000M\000o\000m\000e\000n\000t\000\040\000E\000s\000t\000i\000m\000a\000t\000i\000o\000n}{section.6.7}% 119
\BOOKMARK [2][-]{subsection.6.7.4}{\376\377\000A\000d\000a\000m\000W\000:\000\040\000A\000d\000a\000m\000\040\000c\000o\000n\000\040\000W\000e\000i\000g\000h\000t\000\040\000D\000e\000c\000a\000y\000\040\000C\000o\000r\000r\000e\000t\000t\000o}{section.6.7}% 120
\BOOKMARK [2][-]{subsection.6.7.5}{\376\377\000L\000i\000o\000n\000:\000\040\000E\000v\000o\000L\000v\000e\000d\000\040\000S\000i\000g\000n\000\040\000M\000o\000m\000e\000n\000t\000u\000m}{section.6.7}% 121
\BOOKMARK [1][-]{section.6.8}{\376\377\000M\000e\000t\000o\000d\000i\000\040\000d\000i\000\040\000S\000e\000c\000o\000n\000d\000o\000\040\000O\000r\000d\000i\000n\000e}{chapter.6}% 122
\BOOKMARK [2][-]{subsection.6.8.1}{\376\377\000R\000i\000d\000u\000z\000i\000o\000n\000e\000\040\000d\000e\000l\000l\000'\000E\000r\000r\000o\000r\000e\000\040\000e\000\040\000R\000a\000p\000p\000o\000r\000t\000o\000\040\000G\000r\000a\000d\000i\000e\000n\000t\000e\000/\000C\000u\000r\000v\000a\000t\000u\000r\000a}{section.6.8}% 123
\BOOKMARK [2][-]{subsection.6.8.2}{\376\377\000M\000e\000t\000o\000d\000o\000\040\000d\000i\000\040\000N\000e\000w\000t\000o\000n}{section.6.8}% 124
\BOOKMARK [2][-]{subsection.6.8.3}{\376\377\000H\000e\000s\000s\000i\000a\000n\000-\000F\000r\000e\000e\000\040\000O\000p\000t\000i\000m\000i\000z\000a\000t\000i\000o\000n\000\040\000e\000\040\000G\000r\000a\000d\000i\000e\000n\000t\000e\000\040\000C\000o\000n\000i\000u\000g\000a\000t\000o}{section.6.8}% 125
\BOOKMARK [1][-]{section.6.9}{\376\377\000R\000i\000e\000p\000i\000l\000o\000g\000o\000\040\000d\000e\000i\000\040\000M\000e\000t\000o\000d\000i\000\040\000d\000i\000\040\000O\000t\000t\000i\000m\000i\000z\000z\000a\000z\000i\000o\000n\000e}{chapter.6}% 126
\BOOKMARK [0][-]{chapter.7}{\376\377\000N\000o\000r\000m\000a\000l\000i\000z\000a\000t\000i\000o\000n\000\040\000L\000a\000y\000e\000r\000s}{}% 127
\BOOKMARK [1][-]{section.7.1}{\376\377\000C\000o\000v\000a\000r\000i\000a\000t\000e\000\040\000S\000h\000i\000f\000t\000\040\000e\000\040\000I\000n\000t\000e\000r\000n\000a\000l\000\040\000C\000o\000v\000a\000r\000i\000a\000t\000e\000\040\000S\000h\000i\000f\000t}{chapter.7}% 128
\BOOKMARK [1][-]{section.7.2}{\376\377\000B\000a\000t\000c\000h\000\040\000N\000o\000r\000m\000a\000l\000i\000z\000a\000t\000i\000o\000n}{chapter.7}% 129
\BOOKMARK [2][-]{subsection.7.2.1}{\376\377\000I\000d\000e\000a\000\040\000d\000i\000\040\000B\000a\000s\000e}{section.7.2}% 130
\BOOKMARK [2][-]{subsection.7.2.2}{\376\377\000P\000e\000r\000c\000h\000\351\000\040\000l\000'\000A\000p\000p\000r\000o\000c\000c\000i\000o\000\040\000N\000a\000\357\000f\000\040\000N\000o\000n\000\040\000F\000u\000n\000z\000i\000o\000n\000a}{section.7.2}% 131
\BOOKMARK [2][-]{subsection.7.2.3}{\376\377\000L\000a\000\040\000S\000o\000l\000u\000z\000i\000o\000n\000e\000:\000\040\000u\000n\000\040\000L\000a\000y\000e\000r\000\040\000d\000i\000\040\000N\000o\000r\000m\000a\000l\000i\000z\000z\000a\000z\000i\000o\000n\000e\000\040\000D\000i\000f\000f\000e\000r\000e\000n\000z\000i\000a\000b\000i\000l\000e}{section.7.2}% 132
\BOOKMARK [2][-]{subsection.7.2.4}{\376\377\000P\000a\000r\000a\000m\000e\000t\000r\000i\000\040\000A\000p\000p\000r\000e\000n\000d\000i\000b\000i\000l\000i\000\040\000\040\000e\000\040}{section.7.2}% 133
\BOOKMARK [1][-]{section.7.3}{\376\377\000V\000a\000n\000t\000a\000g\000g\000i\000\040\000d\000e\000l\000l\000a\000\040\000B\000a\000t\000c\000h\000\040\000N\000o\000r\000m\000a\000l\000i\000z\000a\000t\000i\000o\000n}{chapter.7}% 134
\BOOKMARK [2][-]{subsection.7.3.1}{\376\377\000B\000e\000n\000e\000f\000i\000c\000i\000\040\000T\000e\000o\000r\000i\000c\000i\000\040\000\050\000M\000o\000t\000i\000v\000a\000z\000i\000o\000n\000e\000\040\000O\000r\000i\000g\000i\000n\000a\000l\000e\000\051}{section.7.3}% 135
\BOOKMARK [2][-]{subsection.7.3.2}{\376\377\000B\000e\000n\000e\000f\000i\000c\000i\000\040\000P\000r\000a\000t\000i\000c\000i}{section.7.3}% 136
\BOOKMARK [1][-]{section.7.4}{\376\377\000P\000o\000s\000i\000z\000i\000o\000n\000a\000m\000e\000n\000t\000o\000\040\000d\000e\000l\000\040\000L\000a\000y\000e\000r\000\040\000B\000N}{chapter.7}% 137
\BOOKMARK [1][-]{section.7.5}{\376\377\000V\000a\000r\000i\000a\000n\000t\000i\000\040\000d\000i\000\040\000N\000o\000r\000m\000a\000l\000i\000z\000z\000a\000z\000i\000o\000n\000e}{chapter.7}% 138
\BOOKMARK [2][-]{subsection.7.5.1}{\376\377\000B\000a\000t\000c\000h\000\040\000N\000o\000r\000m\000a\000l\000i\000z\000a\000t\000i\000o\000n\000\040\000\050\000B\000N\000\051}{section.7.5}% 139
\BOOKMARK [2][-]{subsection.7.5.2}{\376\377\000L\000a\000y\000e\000r\000\040\000N\000o\000r\000m\000a\000l\000i\000z\000a\000t\000i\000o\000n\000\040\000\050\000L\000N\000\051}{section.7.5}% 140
\BOOKMARK [2][-]{subsection.7.5.3}{\376\377\000I\000n\000s\000t\000a\000n\000c\000e\000\040\000N\000o\000r\000m\000a\000l\000i\000z\000a\000t\000i\000o\000n\000\040\000\050\000I\000N\000\051}{section.7.5}% 141
\BOOKMARK [2][-]{subsection.7.5.4}{\376\377\000G\000r\000o\000u\000p\000\040\000N\000o\000r\000m\000a\000l\000i\000z\000a\000t\000i\000o\000n\000\040\000\050\000G\000N\000\051}{section.7.5}% 142
\BOOKMARK [1][-]{section.7.6}{\376\377\000P\000e\000r\000c\000h\000\351\000\040\000l\000a\000\040\000N\000o\000r\000m\000a\000l\000i\000z\000z\000a\000z\000i\000o\000n\000e\000\040\000F\000u\000n\000z\000i\000o\000n\000a\000\040\000D\000a\000v\000v\000e\000r\000o\000?}{chapter.7}% 143
\BOOKMARK [1][-]{section.7.7}{\376\377\000R\000i\000e\000p\000i\000l\000o\000g\000o\000\040\000e\000\040\000L\000i\000n\000e\000e\000\040\000G\000u\000i\000d\000a\000\040\000P\000r\000a\000t\000i\000c\000h\000e}{chapter.7}% 144
\BOOKMARK [0][-]{chapter.8}{\376\377\000R\000e\000t\000i\000\040\000N\000e\000u\000r\000a\000l\000i\000\040\000C\000o\000n\000v\000o\000l\000u\000z\000i\000o\000n\000a\000l\000i}{}% 145
\BOOKMARK [1][-]{section.8.1}{\376\377\000L\000i\000m\000i\000t\000i\000\040\000d\000e\000l\000l\000e\000\040\000R\000e\000t\000i\000\040\000C\000o\000m\000p\000l\000e\000t\000a\000m\000e\000n\000t\000e\000\040\000C\000o\000n\000n\000e\000s\000s\000e\000\040\000s\000u\000l\000l\000e\000\040\000I\000m\000m\000a\000g\000i\000n\000i}{chapter.8}% 146
\BOOKMARK [1][-]{section.8.2}{\376\377\000V\000o\000l\000u\000m\000i\000\040\0003\000D\000\040\000e\000\040\000C\000o\000n\000n\000e\000t\000t\000i\000v\000i\000t\000\340\000\040\000L\000o\000c\000a\000l\000e}{chapter.8}% 147
\BOOKMARK [2][-]{subsection.8.2.1}{\376\377\000O\000r\000g\000a\000n\000i\000z\000z\000a\000z\000i\000o\000n\000e\000\040\000t\000r\000i\000d\000i\000m\000e\000n\000s\000i\000o\000n\000a\000l\000e}{section.8.2}% 148
\BOOKMARK [2][-]{subsection.8.2.2}{\376\377\000C\000o\000n\000n\000e\000t\000t\000i\000v\000i\000t\000\340\000\040\000l\000o\000c\000a\000l\000e}{section.8.2}% 149
\BOOKMARK [1][-]{section.8.3}{\376\377\000I\000l\000\040\000L\000a\000y\000e\000r\000\040\000d\000i\000\040\000C\000o\000n\000v\000o\000l\000u\000z\000i\000o\000n\000e}{chapter.8}% 150
\BOOKMARK [2][-]{subsection.8.3.1}{\376\377\000O\000p\000e\000r\000a\000z\000i\000o\000n\000e\000\040\000d\000i\000\040\000c\000o\000n\000v\000o\000l\000u\000z\000i\000o\000n\000e}{section.8.3}% 151
\BOOKMARK [2][-]{subsection.8.3.2}{\376\377\000M\000a\000p\000p\000e\000\040\000d\000i\000\040\000a\000t\000t\000i\000v\000a\000z\000i\000o\000n\000e}{section.8.3}% 152
\BOOKMARK [2][-]{subsection.8.3.3}{\376\377\000D\000i\000m\000e\000n\000s\000i\000o\000n\000i\000\040\000s\000p\000a\000z\000i\000a\000l\000i\000:\000\040\000s\000t\000r\000i\000d\000e\000\040\000e\000\040\000z\000e\000r\000o\000-\000p\000a\000d\000d\000i\000n\000g}{section.8.3}% 153
\BOOKMARK [2][-]{subsection.8.3.4}{\376\377\000C\000o\000n\000v\000o\000l\000u\000z\000i\000o\000n\000e\000\040\0001\000\327\0001}{section.8.3}% 154
\BOOKMARK [1][-]{section.8.4}{\376\377\000C\000a\000m\000p\000i\000\040\000R\000e\000c\000e\000t\000t\000i\000v\000i}{chapter.8}% 155
\BOOKMARK [1][-]{section.8.5}{\376\377\000C\000o\000s\000a\000\040\000I\000m\000p\000a\000r\000a\000n\000o\000\040\000i\000\040\000F\000i\000l\000t\000r\000i\000\040\000C\000o\000n\000v\000o\000l\000u\000z\000i\000o\000n\000a\000l\000i\000?}{chapter.8}% 156
\BOOKMARK [1][-]{section.8.6}{\376\377\000I\000l\000\040\000L\000a\000y\000e\000r\000\040\000d\000i\000\040\000P\000o\000o\000l\000i\000n\000g}{chapter.8}% 157
\BOOKMARK [2][-]{subsection.8.6.1}{\376\377\000M\000a\000x\000\040\000P\000o\000o\000l\000i\000n\000g}{section.8.6}% 158
\BOOKMARK [2][-]{subsection.8.6.2}{\376\377\000A\000l\000t\000r\000e\000\040\000v\000a\000r\000i\000a\000n\000t\000i\000\040\000d\000i\000\040\000p\000o\000o\000l\000i\000n\000g}{section.8.6}% 159
\BOOKMARK [1][-]{section.8.7}{\376\377\000I\000l\000\040\000L\000a\000y\000e\000r\000\040\000F\000u\000l\000l\000y\000\040\000C\000o\000n\000n\000e\000c\000t\000e\000d}{chapter.8}% 160
\BOOKMARK [1][-]{section.8.8}{\376\377\000A\000r\000c\000h\000i\000t\000e\000t\000t\000u\000r\000a\000\040\000T\000i\000p\000i\000c\000a\000\040\000d\000i\000\040\000u\000n\000a\000\040\000C\000o\000n\000v\000N\000e\000t}{chapter.8}% 161
\BOOKMARK [2][-]{subsection.8.8.1}{\376\377\000E\000s\000e\000m\000p\000i\000o\000\040\000d\000i\000\040\000s\000t\000a\000c\000k\000\040\000c\000o\000n\000v\000o\000l\000u\000z\000i\000o\000n\000a\000l\000e}{section.8.8}% 162
\BOOKMARK [1][-]{section.8.9}{\376\377\000P\000r\000o\000p\000r\000i\000e\000t\000\340\000\040\000F\000o\000n\000d\000a\000m\000e\000n\000t\000a\000l\000i\000\040\000d\000e\000l\000l\000e\000\040\000C\000o\000n\000v\000N\000e\000t}{chapter.8}% 163
\BOOKMARK [2][-]{subsection.8.9.1}{\376\377\000P\000a\000r\000a\000m\000e\000t\000e\000r\000\040\000s\000h\000a\000r\000i\000n\000g}{section.8.9}% 164
\BOOKMARK [2][-]{subsection.8.9.2}{\376\377\000E\000q\000u\000i\000v\000a\000r\000i\000a\000n\000z\000a\000\040\000t\000r\000a\000s\000l\000a\000z\000i\000o\000n\000a\000l\000e}{section.8.9}% 165
\BOOKMARK [2][-]{subsection.8.9.3}{\376\377\000C\000o\000n\000n\000e\000s\000s\000i\000o\000n\000i\000\040\000s\000p\000a\000r\000s\000e}{section.8.9}% 166
\BOOKMARK [1][-]{section.8.10}{\376\377\000R\000i\000e\000p\000i\000l\000o\000g\000o\000\040\000d\000e\000i\000\040\000C\000o\000m\000p\000o\000n\000e\000n\000t\000i\000\040\000P\000r\000i\000n\000c\000i\000p\000a\000l\000i}{chapter.8}% 167
\BOOKMARK [0][-]{chapter.9}{\376\377\000R\000e\000t\000i\000\040\000R\000i\000c\000o\000r\000r\000e\000n\000t\000i}{}% 168
\BOOKMARK [1][-]{section.9.1}{\376\377\000M\000o\000t\000i\000v\000a\000z\000i\000o\000n\000e\000:\000\040\000M\000o\000d\000e\000l\000l\000a\000r\000e\000\040\000S\000e\000q\000u\000e\000n\000z\000e}{chapter.9}% 169
\BOOKMARK [2][-]{subsection.9.1.1}{\376\377\000I\000l\000\040\000P\000r\000o\000b\000l\000e\000m\000a\000\040\000d\000e\000l\000l\000a\000\040\000M\000o\000d\000e\000l\000l\000a\000z\000i\000o\000n\000e\000\040\000S\000e\000q\000u\000e\000n\000z\000i\000a\000l\000e}{section.9.1}% 170
\BOOKMARK [2][-]{subsection.9.1.2}{\376\377\000R\000a\000p\000p\000r\000e\000s\000e\000n\000t\000a\000z\000i\000o\000n\000e\000\040\000N\000u\000m\000e\000r\000i\000c\000a\000\040\000d\000e\000l\000\040\000L\000i\000n\000g\000u\000a\000g\000g\000i\000o}{section.9.1}% 171
\BOOKMARK [1][-]{section.9.2}{\376\377\000R\000e\000t\000i\000\040\000N\000e\000u\000r\000a\000l\000i\000\040\000R\000i\000c\000o\000r\000r\000e\000n\000t\000i\000\040\000\050\000R\000N\000N\000\051}{chapter.9}% 172
\BOOKMARK [2][-]{subsection.9.2.1}{\376\377\000N\000e\000u\000r\000o\000n\000i\000\040\000c\000o\000n\000\040\000R\000i\000c\000o\000r\000r\000e\000n\000z\000a}{section.9.2}% 173
\BOOKMARK [2][-]{subsection.9.2.2}{\376\377\000G\000r\000a\000f\000o\000\040\000C\000o\000m\000p\000u\000t\000a\000z\000i\000o\000n\000a\000l\000e\000\040\000n\000e\000l\000\040\000T\000e\000m\000p\000o}{section.9.2}% 174
\BOOKMARK [2][-]{subsection.9.2.3}{\376\377\000A\000r\000c\000h\000i\000t\000e\000t\000t\000u\000r\000e\000\040\000S\000e\000q\000u\000e\000n\000z\000i\000a\000l\000i}{section.9.2}% 175
\BOOKMARK [1][-]{section.9.3}{\376\377\000B\000a\000c\000k\000p\000r\000o\000p\000a\000g\000a\000t\000i\000o\000n\000\040\000T\000h\000r\000o\000u\000g\000h\000\040\000T\000i\000m\000e\000\040\000\050\000B\000P\000T\000T\000\051}{chapter.9}% 176
\BOOKMARK [2][-]{subsection.9.3.1}{\376\377\000A\000l\000g\000o\000r\000i\000t\000m\000o}{section.9.3}% 177
\BOOKMARK [2][-]{subsection.9.3.2}{\376\377\000I\000l\000\040\000P\000r\000o\000b\000l\000e\000m\000a\000\040\000d\000e\000i\000\040\000G\000r\000a\000d\000i\000e\000n\000t\000i\000\040\000c\000h\000e\000\040\000S\000v\000a\000n\000i\000s\000c\000o\000n\000o\000\040\000o\000\040\000E\000s\000p\000l\000o\000d\000o\000n\000o}{section.9.3}% 178
\BOOKMARK [1][-]{section.9.4}{\376\377\000L\000o\000n\000g\000\040\000S\000h\000o\000r\000t\000-\000T\000e\000r\000m\000\040\000M\000e\000m\000o\000r\000y\000\040\000\050\000L\000S\000T\000M\000\051}{chapter.9}% 179
\BOOKMARK [2][-]{subsection.9.4.1}{\376\377\000M\000o\000t\000i\000v\000a\000z\000i\000o\000n\000e\000:\000\040\000L\000a\000\040\000M\000e\000m\000o\000r\000i\000a\000\040\000A\000n\000a\000l\000o\000g\000i\000c\000a}{section.9.4}% 180
\BOOKMARK [2][-]{subsection.9.4.2}{\376\377\000A\000r\000c\000h\000i\000t\000e\000t\000t\000u\000r\000a\000\040\000d\000e\000l\000l\000a\000\040\000C\000e\000l\000l\000a\000\040\000L\000S\000T\000M}{section.9.4}% 181
\BOOKMARK [2][-]{subsection.9.4.3}{\376\377\000F\000l\000u\000s\000s\000o\000\040\000d\000e\000l\000\040\000G\000r\000a\000d\000i\000e\000n\000t\000e\000\040\000n\000e\000l\000l\000e\000\040\000L\000S\000T\000M}{section.9.4}% 182
\BOOKMARK [1][-]{section.9.5}{\376\377\000G\000a\000t\000e\000d\000\040\000R\000e\000c\000u\000r\000r\000e\000n\000t\000\040\000U\000n\000i\000t\000\040\000\050\000G\000R\000U\000\051}{chapter.9}% 183
\BOOKMARK [2][-]{subsection.9.5.1}{\376\377\000A\000r\000c\000h\000i\000t\000e\000t\000t\000u\000r\000a}{section.9.5}% 184
\BOOKMARK [2][-]{subsection.9.5.2}{\376\377\000C\000o\000n\000f\000r\000o\000n\000t\000o\000\040\000L\000S\000T\000M\000\040\000v\000s\000\040\000G\000R\000U}{section.9.5}% 185
\BOOKMARK [1][-]{section.9.6}{\376\377\000B\000i\000-\000L\000S\000T\000M\000\040\000e\000\040\000A\000r\000c\000h\000i\000t\000e\000t\000t\000u\000r\000e\000\040\000A\000v\000a\000n\000z\000a\000t\000e}{chapter.9}% 186
\BOOKMARK [2][-]{subsection.9.6.1}{\376\377\000L\000S\000T\000M\000\040\000B\000i\000d\000i\000r\000e\000z\000i\000o\000n\000a\000l\000e}{section.9.6}% 187
\BOOKMARK [2][-]{subsection.9.6.2}{\376\377\000E\000n\000c\000o\000d\000e\000r\040\023\000D\000e\000c\000o\000d\000e\000r\000\040\000p\000e\000r\000\040\000l\000a\000\040\000T\000r\000a\000d\000u\000z\000i\000o\000n\000e\000\040\000A\000u\000t\000o\000m\000a\000t\000i\000c\000a}{section.9.6}% 188
\BOOKMARK [1][-]{section.9.7}{\376\377\000A\000p\000p\000l\000i\000c\000a\000z\000i\000o\000n\000i\000\040\000d\000e\000l\000l\000e\000\040\000R\000N\000N}{chapter.9}% 189
\BOOKMARK [1][-]{section.9.8}{\376\377\000R\000i\000e\000p\000i\000l\000o\000g\000o\000\040\000e\000\040\000L\000i\000n\000e\000e\000\040\000G\000u\000i\000d\000a\000\040\000P\000r\000a\000t\000i\000c\000h\000e}{chapter.9}% 190
\BOOKMARK [0][-]{chapter.10}{\376\377\000M\000i\000g\000l\000i\000o\000r\000a\000r\000e\000\040\000l\000a\000\040\000G\000e\000n\000e\000r\000a\000l\000i\000z\000z\000a\000z\000i\000o\000n\000e}{}% 191
\BOOKMARK [1][-]{section.10.1}{\376\377\000I\000l\000\040\000P\000r\000o\000b\000l\000e\000m\000a\000\040\000d\000e\000l\000l\000'\000O\000v\000e\000r\000f\000i\000t\000t\000i\000n\000g}{chapter.10}% 192
\BOOKMARK [1][-]{section.10.2}{\376\377\000M\000e\000t\000o\000d\000i\000\040\000p\000e\000r\000\040\000L\000i\000m\000i\000t\000a\000r\000e\000\040\000l\000a\000\040\000C\000a\000p\000a\000c\000i\000t\000\340}{chapter.10}% 193
\BOOKMARK [1][-]{section.10.3}{\376\377\000E\000a\000r\000l\000y\000\040\000S\000t\000o\000p\000p\000i\000n\000g}{chapter.10}% 194
\BOOKMARK [2][-]{subsection.10.3.1}{\376\377\000I\000n\000t\000u\000i\000z\000i\000o\000n\000e\000:\000\040\000C\000a\000p\000a\000c\000i\000t\000\340\000\040\000c\000o\000m\000e\000\040\000F\000u\000n\000z\000i\000o\000n\000e\000\040\000d\000e\000i\000\040\000P\000e\000s\000i}{section.10.3}% 195
\BOOKMARK [2][-]{subsection.10.3.2}{\376\377\000P\000r\000o\000c\000e\000d\000u\000r\000a\000\040\000P\000r\000a\000t\000i\000c\000a}{section.10.3}% 196
\BOOKMARK [1][-]{section.10.4}{\376\377\000W\000e\000i\000g\000h\000t\000\040\000D\000e\000c\000a\000y\000\040\000\050\000R\000e\000g\000o\000l\000a\000r\000i\000z\000z\000a\000z\000i\000o\000n\000e\000\040\000L\0002\000\040\000e\000\040\000L\0001\000\051}{chapter.10}% 197
\BOOKMARK [2][-]{subsection.10.4.1}{\376\377\000P\000e\000n\000a\000l\000i\000t\000\340\000\040\000L\0002}{section.10.4}% 198
\BOOKMARK [2][-]{subsection.10.4.2}{\376\377\000P\000e\000n\000a\000l\000i\000t\000\340\000\040\000L\0001}{section.10.4}% 199
\BOOKMARK [1][-]{section.10.5}{\376\377\000R\000u\000m\000o\000r\000e\000\040\000c\000o\000m\000e\000\040\000R\000e\000g\000o\000l\000a\000r\000i\000z\000z\000a\000t\000o\000r\000e}{chapter.10}% 200
\BOOKMARK [2][-]{subsection.10.5.1}{\376\377\000R\000u\000m\000o\000r\000e\000\040\000G\000a\000u\000s\000s\000i\000a\000n\000o\000\040\000s\000u\000g\000l\000i\000\040\000I\000n\000p\000u\000t\000\040\000e\000\040\000L\0002\000\040\000I\000m\000p\000l\000i\000c\000i\000t\000a}{section.10.5}% 201
\BOOKMARK [2][-]{subsection.10.5.2}{\376\377\000F\000o\000r\000m\000e\000\040\000d\000i\000\040\000R\000u\000m\000o\000r\000e\000\040\000p\000i\000\371\000\040\000A\000v\000a\000n\000z\000a\000t\000e}{section.10.5}% 202
\BOOKMARK [1][-]{section.10.6}{\376\377\000C\000o\000m\000b\000i\000n\000a\000r\000e\000\040\000M\000o\000d\000e\000l\000l\000i\000:\000\040\000M\000e\000d\000i\000a\000\040\000d\000e\000g\000l\000i\000\040\000E\000n\000s\000e\000m\000b\000l\000e}{chapter.10}% 203
\BOOKMARK [2][-]{subsection.10.6.1}{\376\377\000B\000i\000a\000s\000-\000V\000a\000r\000i\000a\000n\000c\000e\000\040\000T\000r\000a\000d\000e\000-\000o\000f\000f}{section.10.6}% 204
\BOOKMARK [2][-]{subsection.10.6.2}{\376\377\000D\000u\000e\000\040\000M\000o\000d\000i\000\040\000d\000i\000\040\000C\000o\000m\000b\000i\000n\000a\000r\000e\000\040\000i\000\040\000M\000o\000d\000e\000l\000l\000i}{section.10.6}% 205
\BOOKMARK [2][-]{subsection.10.6.3}{\376\377\000C\000o\000m\000e\000\040\000R\000e\000n\000d\000e\000r\000e\000\040\000i\000\040\000M\000o\000d\000e\000l\000l\000i\000\040\000D\000i\000v\000e\000r\000s\000i}{section.10.6}% 206
\BOOKMARK [1][-]{section.10.7}{\376\377\000D\000r\000o\000p\000o\000u\000t}{chapter.10}% 207
\BOOKMARK [2][-]{subsection.10.7.1}{\376\377\000D\000e\000f\000i\000n\000i\000z\000i\000o\000n\000e\000\040\000e\000\040\000M\000e\000c\000c\000a\000n\000i\000s\000m\000o}{section.10.7}% 208
\BOOKMARK [2][-]{subsection.10.7.2}{\376\377\000D\000r\000o\000p\000o\000u\000t\000\040\000c\000o\000m\000e\000\040\000M\000o\000d\000e\000l\000\040\000A\000v\000e\000r\000a\000g\000i\000n\000g}{section.10.7}% 209
\BOOKMARK [2][-]{subsection.10.7.3}{\376\377\000I\000n\000f\000e\000r\000e\000n\000z\000a\000\040\000a\000\040\000T\000e\000m\000p\000o\000\040\000d\000i\000\040\000T\000e\000s\000t\000:\000\040\000W\000e\000i\000g\000h\000t\000\040\000S\000c\000a\000l\000i\000n\000g}{section.10.7}% 210
\BOOKMARK [2][-]{subsection.10.7.4}{\376\377\000I\000n\000t\000e\000r\000p\000r\000e\000t\000a\000z\000i\000o\000n\000e\000\040\000d\000e\000l\000l\000a\000\040\000C\000o\000-\000A\000d\000a\000t\000t\000a\000m\000e\000n\000t\000o}{section.10.7}% 211
\BOOKMARK [1][-]{section.10.8}{\376\377\000R\000i\000e\000p\000i\000l\000o\000g\000o\000\040\000e\000\040\000L\000i\000n\000e\000e\000\040\000G\000u\000i\000d\000a\000\040\000P\000r\000a\000t\000i\000c\000h\000e}{chapter.10}% 212
\BOOKMARK [0][-]{chapter.11}{\376\377\000A\000u\000t\000o\000e\000n\000c\000o\000d\000e\000r}{}% 213
\BOOKMARK [1][-]{section.11.1}{\376\377\000A\000u\000t\000o\000e\000n\000c\000o\000d\000e\000r\000\040\000C\000l\000a\000s\000s\000i\000c\000o}{chapter.11}% 214
\BOOKMARK [2][-]{subsection.11.1.1}{\376\377\000S\000t\000r\000u\000t\000t\000u\000r\000a\000\040\000e\000\040\000F\000o\000r\000m\000u\000l\000a\000z\000i\000o\000n\000e}{section.11.1}% 215
\BOOKMARK [2][-]{subsection.11.1.2}{\376\377\000S\000p\000a\000r\000s\000e\000\040\000A\000u\000t\000o\000e\000n\000c\000o\000d\000e\000r}{section.11.1}% 216
\BOOKMARK [1][-]{section.11.2}{\376\377\000D\000e\000e\000p\000\040\000A\000u\000t\000o\000e\000n\000c\000o\000d\000e\000r}{chapter.11}% 217
\BOOKMARK [2][-]{subsection.11.2.1}{\376\377\000S\000t\000a\000c\000k\000i\000n\000g\000\040\000d\000i\000\040\000A\000u\000t\000o\000e\000n\000c\000o\000d\000e\000r}{section.11.2}% 218
\BOOKMARK [2][-]{subsection.11.2.2}{\376\377\000C\000o\000n\000f\000r\000o\000n\000t\000o\000\040\000c\000o\000n\000\040\000l\000a\000\040\000P\000C\000A}{section.11.2}% 219
\BOOKMARK [1][-]{section.11.3}{\376\377\000U\000-\000N\000e\000t}{chapter.11}% 220
\BOOKMARK [2][-]{subsection.11.3.1}{\376\377\000S\000e\000g\000m\000e\000n\000t\000a\000z\000i\000o\000n\000e\000\040\000S\000e\000m\000a\000n\000t\000i\000c\000a}{section.11.3}% 221
\BOOKMARK [2][-]{subsection.11.3.2}{\376\377\000A\000r\000c\000h\000i\000t\000e\000t\000t\000u\000r\000a\000\040\000U\000-\000N\000e\000t}{section.11.3}% 222
\BOOKMARK [2][-]{subsection.11.3.3}{\376\377\000S\000k\000i\000p\000\040\000C\000o\000n\000n\000e\000c\000t\000i\000o\000n\000s}{section.11.3}% 223
\BOOKMARK [2][-]{subsection.11.3.4}{\376\377\000D\000e\000c\000o\000n\000v\000o\000l\000u\000z\000i\000o\000n\000e\000\040\000e\000\040\000U\000p\000s\000a\000m\000p\000l\000i\000n\000g}{section.11.3}% 224
\BOOKMARK [1][-]{section.11.4}{\376\377\000V\000a\000r\000i\000a\000t\000i\000o\000n\000a\000l\000\040\000A\000u\000t\000o\000e\000n\000c\000o\000d\000e\000r\000\040\000\050\000V\000A\000E\000\051}{chapter.11}% 225
\BOOKMARK [2][-]{subsection.11.4.1}{\376\377\000L\000i\000m\000i\000t\000a\000z\000i\000o\000n\000i\000\040\000d\000e\000l\000l\000'\000A\000u\000t\000o\000e\000n\000c\000o\000d\000e\000r\000\040\000C\000l\000a\000s\000s\000i\000c\000o}{section.11.4}% 226
\BOOKMARK [2][-]{subsection.11.4.2}{\376\377\000C\000o\000n\000f\000r\000o\000n\000t\000o\000\040\000A\000E\000\040\000v\000s\000\040\000V\000A\000E\000:\000\040\000F\000l\000u\000s\000s\000o\000\040\000C\000o\000m\000p\000u\000t\000a\000z\000i\000o\000n\000a\000l\000e}{section.11.4}% 227
\BOOKMARK [2][-]{subsection.11.4.3}{\376\377\000M\000o\000d\000e\000l\000l\000o\000\040\000P\000r\000o\000b\000a\000b\000i\000l\000i\000s\000t\000i\000c\000o}{section.11.4}% 228
\BOOKMARK [2][-]{subsection.11.4.4}{\376\377\000I\000n\000f\000e\000r\000e\000n\000z\000a\000\040\000V\000a\000r\000i\000a\000z\000i\000o\000n\000a\000l\000e}{section.11.4}% 229
\BOOKMARK [2][-]{subsection.11.4.5}{\376\377\000F\000u\000n\000z\000i\000o\000n\000e\000\040\000d\000i\000\040\000L\000o\000s\000s\000\040\000d\000e\000l\000\040\000V\000A\000E}{section.11.4}% 230
\BOOKMARK [2][-]{subsection.11.4.6}{\376\377\000P\000r\000o\000p\000r\000i\000e\000t\000\340\000\040\000d\000e\000l\000l\000o\000\040\000S\000p\000a\000z\000i\000o\000\040\000L\000a\000t\000e\000n\000t\000e\000\040\000R\000e\000g\000o\000l\000a\000r\000i\000z\000z\000a\000t\000o}{section.11.4}% 231
\BOOKMARK [2][-]{subsection.11.4.7}{\376\377\000I\000l\000\040\000R\000e\000p\000a\000r\000a\000m\000e\000t\000r\000i\000z\000a\000t\000i\000o\000n\000\040\000T\000r\000i\000c\000k}{section.11.4}% 232
\BOOKMARK [2][-]{subsection.11.4.8}{\376\377\000S\000c\000h\000e\000m\000a\000\040\000C\000o\000m\000p\000l\000e\000t\000o\000\040\000d\000e\000l\000\040\000V\000A\000E}{section.11.4}% 233
\BOOKMARK [1][-]{section.11.5}{\376\377\000C\000o\000n\000f\000r\000o\000n\000t\000o\000\040\000e\000\040\000R\000i\000e\000p\000i\000l\000o\000g\000o}{chapter.11}% 234
\BOOKMARK [0][-]{chapter.12}{\376\377\000G\000e\000n\000e\000r\000a\000t\000i\000v\000e\000\040\000A\000d\000v\000e\000r\000s\000a\000r\000i\000a\000l\000\040\000N\000e\000t\000w\000o\000r\000k\000s}{}% 235
\BOOKMARK [1][-]{section.12.1}{\376\377\000P\000r\000e\000l\000i\000m\000i\000n\000a\000r\000i\000:\000\040\000V\000a\000r\000i\000a\000b\000i\000l\000i\000\040\000A\000l\000e\000a\000t\000o\000r\000i\000e\000\040\000e\000\040\000M\000o\000d\000e\000l\000l\000i\000\040\000G\000e\000n\000e\000r\000a\000t\000i\000v\000i}{chapter.12}% 236
\BOOKMARK [2][-]{subsection.12.1.1}{\376\377\000G\000e\000n\000e\000r\000a\000z\000i\000o\000n\000e\000\040\000d\000i\000\040\000V\000a\000r\000i\000a\000b\000i\000l\000i\000\040\000A\000l\000e\000a\000t\000o\000r\000i\000e}{section.12.1}% 237
\BOOKMARK [2][-]{subsection.12.1.2}{\376\377\000M\000o\000d\000e\000l\000l\000i\000\040\000G\000e\000n\000e\000r\000a\000t\000i\000v\000i}{section.12.1}% 238
\BOOKMARK [1][-]{section.12.2}{\376\377\000G\000e\000n\000e\000r\000a\000t\000i\000v\000e\000\040\000A\000d\000v\000e\000r\000s\000a\000r\000i\000a\000l\000\040\000N\000e\000t\000w\000o\000r\000k\000s}{chapter.12}% 239
\BOOKMARK [2][-]{subsection.12.2.1}{\376\377\000L\000'\000I\000d\000e\000a\000\040\000F\000o\000n\000d\000a\000m\000e\000n\000t\000a\000l\000e\000:\000\040\000C\000o\000n\000f\000r\000o\000n\000t\000o\000\040\000I\000n\000d\000i\000r\000e\000t\000t\000o}{section.12.2}% 240
\BOOKMARK [2][-]{subsection.12.2.2}{\376\377\000A\000r\000c\000h\000i\000t\000e\000t\000t\000u\000r\000a\000\040\000G\000A\000N}{section.12.2}% 241
\BOOKMARK [2][-]{subsection.12.2.3}{\376\377\000A\000r\000c\000h\000i\000t\000e\000t\000t\000u\000r\000a\000\040\000P\000r\000a\000t\000i\000c\000a}{section.12.2}% 242
\BOOKMARK [1][-]{section.12.3}{\376\377\000F\000o\000r\000m\000u\000l\000a\000z\000i\000o\000n\000e\000\040\000M\000a\000t\000e\000m\000a\000t\000i\000c\000a}{chapter.12}% 243
\BOOKMARK [2][-]{subsection.12.3.1}{\376\377\000L\000o\000s\000s\000\040\000d\000e\000l\000\040\000D\000i\000s\000c\000r\000i\000m\000i\000n\000a\000t\000o\000r\000e}{section.12.3}% 244
\BOOKMARK [2][-]{subsection.12.3.2}{\376\377\000L\000o\000s\000s\000\040\000d\000e\000l\000\040\000G\000e\000n\000e\000r\000a\000t\000o\000r\000e}{section.12.3}% 245
\BOOKMARK [2][-]{subsection.12.3.3}{\376\377\000O\000b\000i\000e\000t\000t\000i\000v\000o\000\040\000M\000i\000n\000i\000m\000a\000x\000\040\000C\000o\000m\000p\000l\000e\000s\000s\000i\000v\000o}{section.12.3}% 246
\BOOKMARK [2][-]{subsection.12.3.4}{\376\377\000I\000n\000t\000e\000r\000p\000r\000e\000t\000a\000z\000i\000o\000n\000e\000\040\000G\000a\000m\000e\000-\000T\000h\000e\000o\000r\000e\000t\000i\000c}{section.12.3}% 247
\BOOKMARK [1][-]{section.12.4}{\376\377\000D\000i\000n\000a\000m\000i\000c\000a\000\040\000d\000e\000l\000l\000'\000A\000d\000d\000e\000s\000t\000r\000a\000m\000e\000n\000t\000o}{chapter.12}% 248
\BOOKMARK [2][-]{subsection.12.4.1}{\376\377\000I\000l\000\040\000C\000a\000s\000o\000\040\000I\000d\000e\000a\000l\000e\000:\000\040\000D\000i\000s\000c\000r\000i\000m\000i\000n\000a\000t\000o\000r\000e\000\040\000O\000r\000a\000c\000o\000l\000o}{section.12.4}% 249
\BOOKMARK [2][-]{subsection.12.4.2}{\376\377\000L\000'\000A\000p\000p\000r\000o\000s\000s\000i\000m\000a\000z\000i\000o\000n\000e\000\040\000P\000r\000a\000t\000i\000c\000a\000:\000\040\000R\000e\000t\000i\000\040\000N\000e\000u\000r\000a\000l\000i}{section.12.4}% 250
\BOOKMARK [2][-]{subsection.12.4.3}{\376\377\000P\000r\000o\000c\000e\000d\000u\000r\000a\000\040\000d\000i\000\040\000A\000d\000d\000e\000s\000t\000r\000a\000m\000e\000n\000t\000o}{section.12.4}% 251
\BOOKMARK [1][-]{section.12.5}{\376\377\000P\000r\000o\000b\000l\000e\000m\000a\000t\000i\000c\000h\000e\000\040\000n\000e\000l\000l\000'\000A\000d\000d\000e\000s\000t\000r\000a\000m\000e\000n\000t\000o\000\040\000d\000e\000l\000l\000e\000\040\000G\000A\000N}{chapter.12}% 252
\BOOKMARK [2][-]{subsection.12.5.1}{\376\377\000M\000o\000d\000e\000\040\000C\000o\000l\000l\000a\000p\000s\000e}{section.12.5}% 253
\BOOKMARK [2][-]{subsection.12.5.2}{\376\377\000I\000n\000s\000t\000a\000b\000i\000l\000i\000t\000\340\000\040\000d\000e\000l\000l\000'\000A\000d\000d\000e\000s\000t\000r\000a\000m\000e\000n\000t\000o}{section.12.5}% 254
\BOOKMARK [2][-]{subsection.12.5.3}{\376\377\000S\000o\000l\000u\000z\000i\000o\000n\000i\000\040\000P\000r\000o\000p\000o\000s\000t\000e}{section.12.5}% 255
\BOOKMARK [1][-]{section.12.6}{\376\377\000I\000m\000p\000l\000e\000m\000e\000n\000t\000a\000z\000i\000o\000n\000e\000\040\000i\000n\000\040\000P\000y\000T\000o\000r\000c\000h}{chapter.12}% 256
\BOOKMARK [1][-]{section.12.7}{\376\377\000C\000o\000n\000f\000r\000o\000n\000t\000o\000\040\000t\000r\000a\000\040\000M\000o\000d\000e\000l\000l\000i\000\040\000G\000e\000n\000e\000r\000a\000t\000i\000v\000i}{chapter.12}% 257
\BOOKMARK [0][-]{chapter.13}{\376\377\000T\000r\000a\000n\000s\000f\000o\000r\000m\000e\000r\000s}{}% 258
\BOOKMARK [1][-]{section.13.1}{\376\377\000A\000r\000c\000h\000i\000t\000e\000t\000t\000u\000r\000a\000\040\000a\000d\000\040\000A\000l\000t\000o\000\040\000L\000i\000v\000e\000l\000l\000o}{chapter.13}% 259
\BOOKMARK [2][-]{subsection.13.1.1}{\376\377\000S\000t\000a\000c\000k\000\040\000E\000n\000c\000o\000d\000e\000r\040\023\000D\000e\000c\000o\000d\000e\000r}{section.13.1}% 260
\BOOKMARK [2][-]{subsection.13.1.2}{\376\377\000S\000t\000r\000u\000t\000t\000u\000r\000a\000\040\000I\000n\000t\000e\000r\000n\000a\000\040\000d\000e\000l\000l\000'\000E\000n\000c\000o\000d\000e\000r}{section.13.1}% 261
\BOOKMARK [2][-]{subsection.13.1.3}{\376\377\000S\000t\000r\000u\000t\000t\000u\000r\000a\000\040\000d\000e\000l\000\040\000D\000e\000c\000o\000d\000e\000r}{section.13.1}% 262
\BOOKMARK [2][-]{subsection.13.1.4}{\376\377\000F\000l\000u\000s\000s\000o\000\040\000d\000e\000i\000\040\000T\000e\000n\000s\000o\000r\000i}{section.13.1}% 263
\BOOKMARK [1][-]{section.13.2}{\376\377\000S\000e\000l\000f\000-\000A\000t\000t\000e\000n\000t\000i\000o\000n}{chapter.13}% 264
\BOOKMARK [2][-]{subsection.13.2.1}{\376\377\000Q\000u\000e\000r\000y\000,\000\040\000K\000e\000y\000,\000\040\000V\000a\000l\000u\000e}{section.13.2}% 265
\BOOKMARK [2][-]{subsection.13.2.2}{\376\377\000C\000a\000l\000c\000o\000l\000o\000\040\000M\000a\000t\000r\000i\000c\000i\000a\000l\000e}{section.13.2}% 266
\BOOKMARK [1][-]{section.13.3}{\376\377\000M\000u\000l\000t\000i\000-\000H\000e\000a\000d\000\040\000A\000t\000t\000e\000n\000t\000i\000o\000n}{chapter.13}% 267
\BOOKMARK [1][-]{section.13.4}{\376\377\000P\000o\000s\000i\000t\000i\000o\000n\000a\000l\000\040\000E\000n\000c\000o\000d\000i\000n\000g}{chapter.13}% 268
\BOOKMARK [1][-]{section.13.5}{\376\377\000R\000e\000s\000i\000d\000u\000a\000l\000\040\000C\000o\000n\000n\000e\000c\000t\000i\000o\000n\000s\000\040\000e\000\040\000L\000a\000y\000e\000r\000\040\000N\000o\000r\000m\000a\000l\000i\000z\000a\000t\000i\000o\000n}{chapter.13}% 269
\BOOKMARK [1][-]{section.13.6}{\376\377\000L\000a\000t\000o\000\040\000D\000e\000c\000o\000d\000e\000r}{chapter.13}% 270
\BOOKMARK [2][-]{subsection.13.6.1}{\376\377\000E\000n\000c\000o\000d\000e\000r\000-\000D\000e\000c\000o\000d\000e\000r\000\040\000A\000t\000t\000e\000n\000t\000i\000o\000n\000\040\000e\000\040\000G\000e\000n\000e\000r\000a\000z\000i\000o\000n\000e}{section.13.6}% 271
\BOOKMARK [2][-]{subsection.13.6.2}{\376\377\000S\000t\000r\000a\000t\000o\000\040\000L\000i\000n\000e\000a\000r\000e\000\040\000e\000\040\000S\000o\000f\000t\000m\000a\000x\000\040\000F\000i\000n\000a\000l\000e}{section.13.6}% 272
\BOOKMARK [1][-]{section.13.7}{\376\377\000A\000d\000d\000e\000s\000t\000r\000a\000m\000e\000n\000t\000o\000\040\000d\000e\000l\000\040\000T\000r\000a\000n\000s\000f\000o\000r\000m\000e\000r}{chapter.13}% 273
\BOOKMARK [1][-]{section.13.8}{\376\377\000B\000E\000R\000T}{chapter.13}% 274
\BOOKMARK [2][-]{subsection.13.8.1}{\376\377\000A\000r\000c\000h\000i\000t\000e\000t\000t\000u\000r\000a}{section.13.8}% 275
\BOOKMARK [2][-]{subsection.13.8.2}{\376\377\000P\000r\000e\000-\000t\000r\000a\000i\000n\000i\000n\000g}{section.13.8}% 276
\BOOKMARK [2][-]{subsection.13.8.3}{\376\377\000U\000t\000i\000l\000i\000z\000z\000o}{section.13.8}% 277
\BOOKMARK [1][-]{section.13.9}{\376\377\000G\000P\000T}{chapter.13}% 278
\BOOKMARK [2][-]{subsection.13.9.1}{\376\377\000A\000r\000c\000h\000i\000t\000e\000t\000t\000u\000r\000a\000\040\000D\000e\000c\000o\000d\000e\000r\000-\000O\000n\000l\000y}{section.13.9}% 279
\BOOKMARK [2][-]{subsection.13.9.2}{\376\377\000M\000a\000s\000k\000e\000d\000\040\000S\000e\000l\000f\000-\000A\000t\000t\000e\000n\000t\000i\000o\000n\000:\000\040\000D\000e\000t\000t\000a\000g\000l\000i\000o\000\040\000N\000u\000m\000e\000r\000i\000c\000o}{section.13.9}% 280
\BOOKMARK [2][-]{subsection.13.9.3}{\376\377\000D\000e\000c\000o\000d\000e\000r\000\040\000B\000l\000o\000c\000k\000\040\000e\000\040\000G\000e\000n\000e\000r\000a\000z\000i\000o\000n\000e}{section.13.9}% 281
\BOOKMARK [2][-]{subsection.13.9.4}{\376\377\000P\000i\000p\000e\000l\000i\000n\000e\000\040\000S\000e\000l\000f\000-\000A\000t\000t\000e\000n\000t\000i\000o\000n\000\040\000i\000n\000\040\000G\000P\000T\000-\0002\000\040\000S\000m\000a\000l\000l}{section.13.9}% 282
\BOOKMARK [2][-]{subsection.13.9.5}{\376\377\000M\000a\000t\000r\000i\000c\000i\000\040\000d\000i\000\040\000P\000e\000s\000o\000\040\000i\000n\000\040\000G\000P\000T\000-\0002\000\040\000S\000m\000a\000l\000l}{section.13.9}% 283
\BOOKMARK [1][-]{section.13.10}{\376\377\000B\000E\000R\000T\000\040\000v\000s\000.\000\040\000G\000P\000T\000:\000\040\000C\000o\000n\000f\000r\000o\000n\000t\000o}{chapter.13}% 284
\BOOKMARK [1][-]{section.13.11}{\376\377\000R\000i\000e\000p\000i\000l\000o\000g\000o\000\040\000d\000e\000l\000l\000e\000\040\000C\000o\000m\000p\000o\000n\000e\000n\000t\000i}{chapter.13}% 285
\BOOKMARK [0][-]{chapter.14}{\376\377\000D\000i\000f\000f\000u\000s\000i\000o\000n\000\040\000M\000o\000d\000e\000l\000s}{}% 286
\BOOKMARK [1][-]{section.14.1}{\376\377\000S\000t\000a\000b\000l\000e\000\040\000D\000i\000f\000f\000u\000s\000i\000o\000n\000:\000\040\000A\000r\000c\000h\000i\000t\000e\000t\000t\000u\000r\000a\000\040\000G\000e\000n\000e\000r\000a\000l\000e}{chapter.14}% 287
\BOOKMARK [2][-]{subsection.14.1.1}{\376\377\000C\000o\000m\000p\000o\000n\000e\000n\000t\000i\000\040\000P\000r\000i\000n\000c\000i\000p\000a\000l\000i}{section.14.1}% 288
\BOOKMARK [1][-]{section.14.2}{\376\377\000I\000l\000\040\000P\000r\000o\000c\000e\000s\000s\000o\000\040\000d\000i\000\040\000D\000i\000f\000f\000u\000s\000i\000o\000n\000e}{chapter.14}% 289
\BOOKMARK [2][-]{subsection.14.2.1}{\376\377\000F\000o\000r\000w\000a\000r\000d\000\040\000D\000i\000f\000f\000u\000s\000i\000o\000n\000:\000\040\000C\000o\000r\000r\000u\000z\000i\000o\000n\000e\000\040\000c\000o\000n\000\040\000R\000u\000m\000o\000r\000e}{section.14.2}% 290
\BOOKMARK [2][-]{subsection.14.2.2}{\376\377\000A\000d\000d\000e\000s\000t\000r\000a\000m\000e\000n\000t\000o\000\040\000d\000e\000l\000\040\000P\000r\000e\000d\000i\000t\000t\000o\000r\000e\000\040\000d\000e\000l\000\040\000R\000u\000m\000o\000r\000e}{section.14.2}% 291
\BOOKMARK [2][-]{subsection.14.2.3}{\376\377\000R\000e\000v\000e\000r\000s\000e\000\040\000D\000i\000f\000f\000u\000s\000i\000o\000n\000:\000\040\000R\000i\000m\000o\000z\000i\000o\000n\000e\000\040\000I\000t\000e\000r\000a\000t\000i\000v\000a\000\040\000d\000e\000l\000\040\000R\000u\000m\000o\000r\000e}{section.14.2}% 292
\BOOKMARK [2][-]{subsection.14.2.4}{\376\377\000N\000o\000i\000s\000e\000\040\000S\000c\000h\000e\000d\000u\000l\000e}{section.14.2}% 293
\BOOKMARK [1][-]{section.14.3}{\376\377\000L\000a\000t\000e\000n\000t\000\040\000D\000i\000f\000f\000u\000s\000i\000o\000n\000:\000\040\000D\000i\000f\000f\000u\000s\000i\000o\000n\000e\000\040\000n\000e\000l\000l\000o\000\040\000S\000p\000a\000z\000i\000o\000\040\000C\000o\000m\000p\000r\000e\000s\000s\000o}{chapter.14}% 294
\BOOKMARK [2][-]{subsection.14.3.1}{\376\377\000M\000o\000t\000i\000v\000a\000z\000i\000o\000n\000e\000:\000\040\000L\000i\000m\000i\000t\000i\000\040\000d\000e\000l\000l\000a\000\040\000D\000i\000f\000f\000u\000s\000i\000o\000n\000e\000\040\000n\000e\000l\000l\000o\000\040\000S\000p\000a\000z\000i\000o\000\040\000d\000e\000i\000\040\000P\000i\000x\000e\000l}{section.14.3}% 295
\BOOKMARK [2][-]{subsection.14.3.2}{\376\377\000S\000p\000a\000z\000i\000o\000\040\000L\000a\000t\000e\000n\000t\000e\000\040\000e\000\040\000V\000a\000r\000i\000a\000t\000i\000o\000n\000a\000l\000\040\000A\000u\000t\000o\000e\000n\000c\000o\000d\000e\000r}{section.14.3}% 296
\BOOKMARK [2][-]{subsection.14.3.3}{\376\377\000A\000d\000d\000e\000s\000t\000r\000a\000m\000e\000n\000t\000o\000\040\000e\000\040\000I\000n\000f\000e\000r\000e\000n\000z\000a\000\040\000L\000a\000t\000e\000n\000t\000e}{section.14.3}% 297
\BOOKMARK [1][-]{section.14.4}{\376\377\000C\000o\000n\000d\000i\000z\000i\000o\000n\000a\000m\000e\000n\000t\000o\000\040\000T\000e\000s\000t\000u\000a\000l\000e}{chapter.14}% 298
\BOOKMARK [2][-]{subsection.14.4.1}{\376\377\000D\000a\000l\000l\000a\000\040\000D\000i\000f\000f\000u\000s\000i\000o\000n\000e\000\040\000N\000o\000n\000\040\000C\000o\000n\000d\000i\000z\000i\000o\000n\000a\000t\000a\000\040\000a\000l\000\040\000C\000o\000n\000d\000i\000z\000i\000o\000n\000a\000m\000e\000n\000t\000o}{section.14.4}% 299
\BOOKMARK [2][-]{subsection.14.4.2}{\376\377\000T\000e\000x\000t\000\040\000E\000n\000c\000o\000d\000e\000r\000:\000\040\000C\000L\000I\000P}{section.14.4}% 300
\BOOKMARK [2][-]{subsection.14.4.3}{\376\377\000C\000r\000o\000s\000s\000-\000A\000t\000t\000e\000n\000t\000i\000o\000n\000:\000\040\000I\000n\000t\000e\000g\000r\000a\000z\000i\000o\000n\000e\000\040\000d\000e\000l\000\040\000T\000e\000s\000t\000o\000\040\000n\000e\000l\000l\000a\000\040\000U\000N\000e\000t}{section.14.4}% 301
\BOOKMARK [1][-]{section.14.5}{\376\377\000C\000l\000a\000s\000s\000i\000f\000i\000e\000r\000-\000F\000r\000e\000e\000\040\000G\000u\000i\000d\000a\000n\000c\000e\000\040\000\050\000C\000F\000G\000\051}{chapter.14}% 302
\BOOKMARK [2][-]{subsection.14.5.1}{\376\377\000C\000l\000a\000s\000s\000i\000f\000i\000e\000r\000\040\000G\000u\000i\000d\000a\000n\000c\000e}{section.14.5}% 303
\BOOKMARK [2][-]{subsection.14.5.2}{\376\377\000C\000l\000a\000s\000s\000i\000f\000i\000e\000r\000-\000F\000r\000e\000e\000\040\000G\000u\000i\000d\000a\000n\000c\000e}{section.14.5}% 304
\BOOKMARK [1][-]{section.14.6}{\376\377\000M\000o\000d\000a\000l\000i\000t\000\340\000\040\000d\000i\000\040\000G\000e\000n\000e\000r\000a\000z\000i\000o\000n\000e\000\040\000A\000v\000a\000n\000z\000a\000t\000e}{chapter.14}% 305
\BOOKMARK [2][-]{subsection.14.6.1}{\376\377\000I\000m\000a\000g\000e\000-\000t\000o\000-\000I\000m\000a\000g\000e}{section.14.6}% 306
\BOOKMARK [2][-]{subsection.14.6.2}{\376\377\000I\000n\000p\000a\000i\000n\000t\000i\000n\000g}{section.14.6}% 307
\BOOKMARK [2][-]{subsection.14.6.3}{\376\377\000D\000e\000p\000t\000h\000-\000t\000o\000-\000I\000m\000a\000g\000e}{section.14.6}% 308
\BOOKMARK [2][-]{subsection.14.6.4}{\376\377\000A\000l\000t\000r\000i\000\040\000C\000o\000n\000d\000i\000z\000i\000o\000n\000a\000m\000e\000n\000t\000i\000:\000\040\000C\000o\000n\000t\000r\000o\000l\000N\000e\000t}{section.14.6}% 309
\BOOKMARK [1][-]{section.14.7}{\376\377\000S\000t\000a\000b\000l\000e\000\040\000D\000i\000f\000f\000u\000s\000i\000o\000n\000\040\000v\0001\000\040\000v\000s\000.\000\040\000v\0002}{chapter.14}% 310
\BOOKMARK [2][-]{subsection.14.7.1}{\376\377\000D\000i\000f\000f\000e\000r\000e\000n\000z\000e\000\040\000n\000e\000l\000\040\000M\000o\000d\000e\000l\000l\000o}{section.14.7}% 311
\BOOKMARK [2][-]{subsection.14.7.2}{\376\377\000D\000i\000f\000f\000e\000r\000e\000n\000z\000e\000\040\000n\000e\000i\000\040\000D\000a\000t\000i\000\040\000d\000i\000\040\000A\000d\000d\000e\000s\000t\000r\000a\000m\000e\000n\000t\000o}{section.14.7}% 312
\BOOKMARK [2][-]{subsection.14.7.3}{\376\377\000D\000i\000f\000f\000e\000r\000e\000n\000z\000e\000\040\000n\000e\000l\000l\000e\000\040\000P\000r\000e\000s\000t\000a\000z\000i\000o\000n\000i}{section.14.7}% 313
\BOOKMARK [1][-]{section.14.8}{\376\377\000C\000o\000n\000f\000r\000o\000n\000t\000o\000\040\000c\000o\000n\000\040\000l\000e\000\040\000G\000A\000N\000\040\000e\000\040\000c\000o\000n\000\040\000a\000l\000t\000r\000i\000\040\000M\000o\000d\000e\000l\000l\000i\000\040\000G\000e\000n\000e\000r\000a\000t\000i\000v\000i}{chapter.14}% 314
\BOOKMARK [0][-]{chapter.15}{\376\377\000G\000r\000a\000p\000h\000\040\000N\000e\000u\000r\000a\000l\000\040\000N\000e\000t\000w\000o\000r\000k\000s}{}% 315
\BOOKMARK [1][-]{section.15.1}{\376\377\000G\000r\000a\000f\000i\000\040\000c\000o\000m\000e\000\040\000S\000t\000r\000u\000t\000t\000u\000r\000e\000\040\000D\000a\000t\000i}{chapter.15}% 316
\BOOKMARK [2][-]{subsection.15.1.1}{\376\377\000D\000e\000f\000i\000n\000i\000z\000i\000o\000n\000e\000\040\000e\000\040\000A\000t\000t\000r\000i\000b\000u\000t\000i}{section.15.1}% 317
\BOOKMARK [2][-]{subsection.15.1.2}{\376\377\000G\000r\000a\000f\000i\000\040\000i\000n\000\040\000N\000a\000t\000u\000r\000a\000:\000\040\000E\000s\000e\000m\000p\000i\000\040\000d\000i\000\040\000D\000o\000m\000i\000n\000i\000o}{section.15.1}% 318
\BOOKMARK [2][-]{subsection.15.1.3}{\376\377\000T\000a\000s\000k\000\040\000s\000u\000\040\000G\000r\000a\000f\000i}{section.15.1}% 319
\BOOKMARK [2][-]{subsection.15.1.4}{\376\377\000D\000a\000t\000a\000s\000e\000t\000\040\000d\000i\000\040\000G\000r\000a\000f\000i\000\040\000R\000e\000a\000l\000i}{section.15.1}% 320
\BOOKMARK [1][-]{section.15.2}{\376\377\000L\000e\000\040\000S\000f\000i\000d\000e\000\040\000d\000e\000l\000\040\000C\000a\000l\000c\000o\000l\000o\000\040\000s\000u\000\040\000G\000r\000a\000f\000i}{chapter.15}% 321
\BOOKMARK [2][-]{subsection.15.2.1}{\376\377\000S\000t\000r\000u\000t\000t\000u\000r\000a\000\040\000N\000o\000n\000\040\000U\000n\000i\000f\000o\000r\000m\000e}{section.15.2}% 322
\BOOKMARK [2][-]{subsection.15.2.2}{\376\377\000N\000o\000d\000e\000-\000O\000r\000d\000e\000r\000\040\000E\000q\000u\000i\000v\000a\000r\000i\000a\000n\000c\000e}{section.15.2}% 323
\BOOKMARK [2][-]{subsection.15.2.3}{\376\377\000S\000c\000a\000l\000a\000b\000i\000l\000i\000t\000\340}{section.15.2}% 324
\BOOKMARK [2][-]{subsection.15.2.4}{\376\377\000R\000a\000p\000p\000r\000e\000s\000e\000n\000t\000a\000z\000i\000o\000n\000e\000\040\000c\000o\000n\000\040\000L\000i\000s\000t\000e\000\040\000d\000i\000\040\000A\000d\000i\000a\000c\000e\000n\000z\000a}{section.15.2}% 325
\BOOKMARK [1][-]{section.15.3}{\376\377\000G\000r\000a\000p\000h\000\040\000N\000e\000u\000r\000a\000l\000\040\000N\000e\000t\000w\000o\000r\000k\000s}{chapter.15}% 326
\BOOKMARK [2][-]{subsection.15.3.1}{\376\377\000D\000e\000f\000i\000n\000i\000z\000i\000o\000n\000e\000\040\000e\000\040\000F\000r\000a\000m\000e\000w\000o\000r\000k}{section.15.3}% 327
\BOOKMARK [2][-]{subsection.15.3.2}{\376\377\000L\000a\000\040\000G\000N\000N\000\040\000p\000i\000\371\000\040\000S\000e\000m\000p\000l\000i\000c\000e}{section.15.3}% 328
\BOOKMARK [2][-]{subsection.15.3.3}{\376\377\000P\000r\000e\000d\000i\000z\000i\000o\000n\000i\000\040\000t\000r\000a\000m\000i\000t\000e\000\040\000P\000o\000o\000l\000i\000n\000g}{section.15.3}% 329
\BOOKMARK [2][-]{subsection.15.3.4}{\376\377\000M\000e\000s\000s\000a\000g\000e\000\040\000P\000a\000s\000s\000i\000n\000g}{section.15.3}% 330
\BOOKMARK [2][-]{subsection.15.3.5}{\376\377\000A\000p\000p\000r\000e\000n\000d\000i\000m\000e\000n\000t\000o\000\040\000d\000i\000\040\000R\000a\000p\000p\000r\000e\000s\000e\000n\000t\000a\000z\000i\000o\000n\000i\000\040\000d\000e\000g\000l\000i\000\040\000A\000r\000c\000h\000i}{section.15.3}% 331
\BOOKMARK [2][-]{subsection.15.3.6}{\376\377\000R\000a\000p\000p\000r\000e\000s\000e\000n\000t\000a\000z\000i\000o\000n\000i\000\040\000G\000l\000o\000b\000a\000l\000i}{section.15.3}% 332
\BOOKMARK [2][-]{subsection.15.3.7}{\376\377\000F\000u\000n\000z\000i\000o\000n\000i\000\040\000d\000i\000\040\000C\000o\000n\000d\000i\000z\000i\000o\000n\000a\000m\000e\000n\000t\000o}{section.15.3}% 333
\BOOKMARK [1][-]{section.15.4}{\376\377\000G\000N\000N\000\040\000i\000n\000\040\000a\000\040\000N\000u\000t\000s\000h\000e\000l\000l\000:\000\040\000F\000o\000r\000m\000a\000l\000i\000z\000z\000a\000z\000i\000o\000n\000e}{chapter.15}% 334
\BOOKMARK [1][-]{section.15.5}{\376\377\000F\000i\000l\000t\000r\000i\000\040\000P\000o\000l\000i\000n\000o\000m\000i\000a\000l\000i\000\040\000e\000\040\000G\000r\000a\000p\000h\000\040\000L\000a\000p\000l\000a\000c\000i\000a\000n}{chapter.15}% 335
\BOOKMARK [2][-]{subsection.15.5.1}{\376\377\000I\000l\000\040\000G\000r\000a\000p\000h\000\040\000L\000a\000p\000l\000a\000c\000i\000a\000n}{section.15.5}% 336
\BOOKMARK [2][-]{subsection.15.5.2}{\376\377\000F\000i\000l\000t\000r\000i\000\040\000P\000o\000l\000i\000n\000o\000m\000i\000a\000l\000i}{section.15.5}% 337
\BOOKMARK [2][-]{subsection.15.5.3}{\376\377\000C\000h\000e\000b\000N\000e\000t}{section.15.5}% 338
\BOOKMARK [1][-]{section.15.6}{\376\377\000A\000r\000c\000h\000i\000t\000e\000t\000t\000u\000r\000e\000\040\000G\000N\000N\000\040\000M\000o\000d\000e\000r\000n\000e}{chapter.15}% 339
\BOOKMARK [2][-]{subsection.15.6.1}{\376\377\000G\000r\000a\000p\000h\000\040\000C\000o\000n\000v\000o\000l\000u\000t\000i\000o\000n\000a\000l\000\040\000N\000e\000t\000w\000o\000r\000k\000s\000\040\000\050\000G\000C\000N\000\051}{section.15.6}% 340
\BOOKMARK [2][-]{subsection.15.6.2}{\376\377\000G\000r\000a\000p\000h\000\040\000A\000t\000t\000e\000n\000t\000i\000o\000n\000\040\000N\000e\000t\000w\000o\000r\000k\000s\000\040\000\050\000G\000A\000T\000\051}{section.15.6}% 341
\BOOKMARK [2][-]{subsection.15.6.3}{\376\377\000G\000r\000a\000p\000h\000S\000A\000G\000E}{section.15.6}% 342
\BOOKMARK [2][-]{subsection.15.6.4}{\376\377\000G\000r\000a\000p\000h\000\040\000I\000s\000o\000m\000o\000r\000p\000h\000i\000s\000m\000\040\000N\000e\000t\000w\000o\000r\000k\000\040\000\050\000G\000I\000N\000\051}{section.15.6}% 343
\BOOKMARK [1][-]{section.15.7}{\376\377\000C\000o\000n\000f\000r\000o\000n\000t\000o\000\040\000t\000r\000a\000\040\000A\000r\000c\000h\000i\000t\000e\000t\000t\000u\000r\000e\000\040\000G\000N\000N}{chapter.15}% 344
\BOOKMARK [0][-]{chapter.16}{\376\377\000E\000n\000e\000r\000g\000y\000-\000B\000a\000s\000e\000d\000\040\000M\000o\000d\000e\000l\000s}{}% 345
\BOOKMARK [1][-]{section.16.1}{\376\377\000D\000e\000f\000i\000n\000i\000z\000i\000o\000n\000e\000\040\000e\000\040\000I\000n\000t\000u\000i\000z\000i\000o\000n\000e}{chapter.16}% 346
\BOOKMARK [2][-]{subsection.16.1.1}{\376\377\000C\000o\000n\000f\000r\000o\000n\000t\000o\000\040\000c\000o\000n\000\040\000i\000\040\000M\000o\000d\000e\000l\000l\000i\000\040\000F\000e\000e\000d\000-\000F\000o\000r\000w\000a\000r\000d}{section.16.1}% 347
\BOOKMARK [2][-]{subsection.16.1.2}{\376\377\000S\000u\000p\000e\000r\000f\000i\000c\000i\000\040\000E\000n\000e\000r\000g\000e\000t\000i\000c\000h\000e\000:\000\040\000B\000u\000o\000n\000\040\000e\000\040\000C\000a\000t\000t\000i\000v\000o\000\040\000A\000d\000d\000e\000s\000t\000r\000a\000m\000e\000n\000t\000o}{section.16.1}% 348
\BOOKMARK [1][-]{section.16.2}{\376\377\000A\000r\000c\000h\000i\000t\000e\000t\000t\000u\000r\000e\000\040\000E\000B\000M\000\040\000p\000e\000r\000\040\000l\000a\000\040\000P\000r\000e\000d\000i\000z\000i\000o\000n\000e\000\040\000M\000u\000l\000t\000i\000m\000o\000d\000a\000l\000e}{chapter.16}% 349
\BOOKMARK [2][-]{subsection.16.2.1}{\376\377\000J\000o\000i\000n\000t\000\040\000E\000m\000b\000e\000d\000d\000i\000n\000g}{section.16.2}% 350
\BOOKMARK [2][-]{subsection.16.2.2}{\376\377\000M\000o\000d\000e\000l\000l\000i\000\040\000a\000\040\000V\000a\000r\000i\000a\000b\000i\000l\000i\000\040\000L\000a\000t\000e\000n\000t\000i}{section.16.2}% 351
\BOOKMARK [2][-]{subsection.16.2.3}{\376\377\000L\000V\000-\000E\000B\000M\000\040\000C\000o\000n\000d\000i\000z\000i\000o\000n\000a\000l\000e\000\040\000c\000o\000n\000\040\000R\000e\000g\000o\000l\000a\000r\000i\000z\000z\000a\000z\000i\000o\000n\000e}{section.16.2}% 352
\BOOKMARK [1][-]{section.16.3}{\376\377\000A\000d\000d\000e\000s\000t\000r\000a\000m\000e\000n\000t\000o\000\040\000d\000e\000g\000l\000i\000\040\000E\000B\000M}{chapter.16}% 353
\BOOKMARK [2][-]{subsection.16.3.1}{\376\377\000M\000e\000t\000o\000d\000i\000\040\000C\000o\000n\000t\000r\000a\000s\000t\000i\000v\000i}{section.16.3}% 354
\BOOKMARK [2][-]{subsection.16.3.2}{\376\377\000A\000d\000d\000e\000s\000t\000r\000a\000m\000e\000n\000t\000o\000\040\000c\000o\000n\000\040\000M\000C\000M\000C}{section.16.3}% 355
\BOOKMARK [2][-]{subsection.16.3.3}{\376\377\000M\000e\000t\000o\000d\000i\000\040\000R\000e\000g\000o\000l\000a\000r\000i\000z\000z\000a\000t\000i\000\040\000e\000\040\000A\000r\000c\000h\000i\000t\000e\000t\000t\000u\000r\000a\000l\000i}{section.16.3}% 356
\BOOKMARK [1][-]{section.16.4}{\376\377\000F\000u\000n\000z\000i\000o\000n\000i\000\040\000d\000i\000\040\000P\000e\000r\000d\000i\000t\000a\000\040\000p\000e\000r\000\040\000E\000B\000M}{chapter.16}% 357
\BOOKMARK [1][-]{section.16.5}{\376\377\000J\000o\000i\000n\000t\000\040\000E\000m\000b\000e\000d\000d\000i\000n\000g\000\040\000C\000o\000n\000t\000r\000a\000s\000t\000i\000v\000o}{chapter.16}% 358
\BOOKMARK [2][-]{subsection.16.5.1}{\376\377\000J\000o\000i\000n\000t\000\040\000E\000m\000b\000e\000d\000d\000i\000n\000g\000\040\000N\000o\000n\000\040\000C\000o\000n\000t\000r\000a\000s\000t\000i\000v\000o}{section.16.5}% 359
\BOOKMARK [1][-]{section.16.6}{\376\377\000S\000e\000l\000f\000-\000S\000u\000p\000e\000r\000v\000i\000s\000e\000d\000\040\000L\000e\000a\000r\000n\000i\000n\000g}{chapter.16}% 360
\BOOKMARK [2][-]{subsection.16.6.1}{\376\377\000S\000S\000L\000\040\000c\000o\000m\000e\000\040\000R\000i\000e\000m\000p\000i\000m\000e\000n\000t\000o\000\040\000d\000e\000i\000\040\000V\000u\000o\000t\000i}{section.16.6}% 361
\BOOKMARK [1][-]{section.16.7}{\376\377\000C\000o\000n\000n\000e\000s\000s\000i\000o\000n\000i\000\040\000c\000o\000n\000\040\000i\000\040\000M\000o\000d\000e\000l\000l\000i\000\040\000G\000e\000n\000e\000r\000a\000t\000i\000v\000i}{chapter.16}% 362
\BOOKMARK [2][-]{subsection.16.7.1}{\376\377\000R\000e\000l\000a\000z\000i\000o\000n\000e\000\040\000c\000o\000n\000\040\000i\000\040\000V\000A\000E}{section.16.7}% 363
\BOOKMARK [2][-]{subsection.16.7.2}{\376\377\000C\000o\000n\000f\000r\000o\000n\000t\000o\000\040\000c\000o\000n\000\040\000i\000\040\000M\000e\000t\000o\000d\000i\000\040\000C\000o\000n\000t\000r\000a\000s\000t\000i\000v\000i\000\040\000e\000\040\000i\000\040\000V\000A\000E}{section.16.7}% 364
\BOOKMARK [1][-]{section.16.8}{\376\377\000A\000r\000c\000h\000i\000t\000e\000t\000t\000u\000r\000a\000\040\000P\000r\000a\000t\000i\000c\000a\000:\000\040\000C\000o\000n\000v\000N\000e\000t\000\040\000c\000o\000m\000e\000\040\000E\000B\000M}{chapter.16}% 365
\BOOKMARK [0][-]{chapter.17}{\376\377\000F\000l\000o\000w\000\040\000M\000a\000t\000c\000h\000i\000n\000g\000\040\000e\000\040\000S\000t\000a\000b\000l\000e\000\040\000D\000i\000f\000f\000u\000s\000i\000o\000n\000\040\0003}{}% 366
\BOOKMARK [1][-]{section.17.1}{\376\377\000I\000l\000\040\000P\000r\000o\000b\000l\000e\000m\000a\000\040\000d\000e\000l\000l\000a\000\040\000M\000o\000d\000e\000l\000l\000a\000z\000i\000o\000n\000e\000\040\000G\000e\000n\000e\000r\000a\000t\000i\000v\000a}{chapter.17}% 367
\BOOKMARK [2][-]{subsection.17.1.1}{\376\377\000M\000a\000p\000p\000a\000t\000u\000r\000a\000\040\000D\000i\000r\000e\000t\000t\000a}{section.17.1}% 368
\BOOKMARK [2][-]{subsection.17.1.2}{\376\377\000P\000r\000o\000c\000e\000s\000s\000i\000\040\000d\000i\000\040\000M\000a\000r\000k\000o\000v\000\040\000a\000\040\000T\000e\000m\000p\000o\000\040\000C\000o\000n\000t\000i\000n\000u\000o}{section.17.1}% 369
\BOOKMARK [2][-]{subsection.17.1.3}{\376\377\000V\000a\000n\000t\000a\000g\000g\000i\000\040\000d\000e\000i\000\040\000F\000l\000u\000s\000s\000i\000\040\000R\000i\000s\000p\000e\000t\000t\000o\000\040\000a\000l\000l\000a\000\040\000D\000i\000f\000f\000u\000s\000i\000o\000n\000e}{section.17.1}% 370
\BOOKMARK [1][-]{section.17.2}{\376\377\000F\000l\000u\000s\000s\000i\000,\000\040\000C\000a\000m\000p\000i\000\040\000V\000e\000t\000t\000o\000r\000i\000a\000l\000i\000\040\000e\000\040\000V\000e\000l\000o\000c\000i\000t\000\340}{chapter.17}% 371
\BOOKMARK [2][-]{subsection.17.2.1}{\376\377\000R\000e\000l\000a\000z\000i\000o\000n\000e\000\040\000t\000r\000a\000\040\000F\000l\000u\000s\000s\000o\000\040\000e\000\040\000C\000a\000m\000p\000o\000\040\000V\000e\000t\000t\000o\000r\000i\000a\000l\000e}{section.17.2}% 372
\BOOKMARK [2][-]{subsection.17.2.2}{\376\377\000I\000l\000\040\000F\000l\000u\000s\000s\000o\000\040\000c\000o\000m\000e\000\040\000F\000u\000n\000z\000i\000o\000n\000e\000\040\000d\000i\000\040\000W\000a\000r\000p\000i\000n\000g}{section.17.2}% 373
\BOOKMARK [2][-]{subsection.17.2.3}{\376\377\000V\000e\000l\000o\000c\000i\000t\000\340\000\040\000e\000\040\000D\000i\000s\000t\000r\000i\000b\000u\000z\000i\000o\000n\000e\000\040\000M\000a\000r\000g\000i\000n\000a\000l\000e}{section.17.2}% 374
\BOOKMARK [1][-]{section.17.3}{\376\377\000L\000'\000O\000b\000i\000e\000t\000t\000i\000v\000o\000\040\000d\000i\000\040\000F\000l\000o\000w\000\040\000M\000a\000t\000c\000h\000i\000n\000g}{chapter.17}% 375
\BOOKMARK [2][-]{subsection.17.3.1}{\376\377\000F\000o\000r\000m\000u\000l\000a\000z\000i\000o\000n\000e\000\040\000G\000e\000n\000e\000r\000a\000l\000e}{section.17.3}% 376
\BOOKMARK [2][-]{subsection.17.3.2}{\376\377\000V\000e\000r\000s\000i\000o\000n\000e\000\040\000P\000i\000\371\000\040\000S\000e\000m\000p\000l\000i\000c\000e\000\040\000d\000i\000\040\000F\000l\000o\000w\000\040\000M\000a\000t\000c\000h\000i\000n\000g}{section.17.3}% 377
\BOOKMARK [1][-]{section.17.4}{\376\377\000F\000l\000u\000s\000s\000i\000\040\000C\000o\000n\000d\000i\000z\000i\000o\000n\000a\000l\000i\000\040\000e\000\040\000i\000l\000\040\000T\000r\000u\000c\000c\000o\000\040\000d\000e\000l\000l\000a\000\040\000M\000a\000r\000g\000i\000n\000a\000l\000i\000z\000z\000a\000z\000i\000o\000n\000e}{chapter.17}% 378
\BOOKMARK [2][-]{subsection.17.4.1}{\376\377\000C\000o\000s\000t\000r\000u\000z\000i\000o\000n\000e\000\040\000d\000e\000l\000\040\000F\000l\000u\000s\000s\000o\000\040\000d\000a\000\040\000F\000l\000u\000s\000s\000i\000\040\000C\000o\000n\000d\000i\000z\000i\000o\000n\000a\000l\000i}{section.17.4}% 379
\BOOKMARK [2][-]{subsection.17.4.2}{\376\377\000T\000e\000o\000r\000e\000m\000a\000\040\000d\000i\000\040\000M\000a\000r\000g\000i\000n\000a\000l\000i\000z\000z\000a\000z\000i\000o\000n\000e}{section.17.4}% 380
\BOOKMARK [1][-]{section.17.5}{\376\377\000F\000u\000n\000z\000i\000o\000n\000i\000\040\000d\000i\000\040\000P\000e\000r\000d\000i\000t\000a\000\040\000p\000e\000r\000\040\000F\000l\000o\000w\000\040\000M\000a\000t\000c\000h\000i\000n\000g}{chapter.17}% 381
\BOOKMARK [2][-]{subsection.17.5.1}{\376\377\000P\000e\000r\000d\000i\000t\000a\000\040\000F\000M\000\040\000e\000\040\000P\000e\000r\000d\000i\000t\000a\000\040\000C\000F\000M}{section.17.5}% 382
\BOOKMARK [2][-]{subsection.17.5.2}{\376\377\000P\000e\000r\000d\000i\000t\000a\000\040\000C\000F\000M\000\040\000G\000e\000n\000e\000r\000a\000l\000i\000z\000z\000a\000t\000a\000\040\000\050\000D\000i\000v\000e\000r\000g\000e\000n\000z\000a\000\040\000d\000i\000\040\000B\000r\000e\000g\000m\000a\000n\000\051}{section.17.5}% 383
\BOOKMARK [1][-]{section.17.6}{\376\377\000S\000c\000e\000l\000t\000a\000\040\000d\000e\000l\000\040\000F\000l\000u\000s\000s\000o\000\040\000C\000o\000n\000d\000i\000z\000i\000o\000n\000a\000l\000e\000:\000\040\000T\000r\000a\000s\000p\000o\000r\000t\000o\000\040\000O\000t\000t\000i\000m\000a\000l\000e}{chapter.17}% 384
\BOOKMARK [2][-]{subsection.17.6.1}{\376\377\000C\000r\000i\000t\000e\000r\000i\000\040\000p\000e\000r\000\040\000l\000a\000\040\000S\000c\000e\000l\000t\000a\000\040\000d\000i\000\040\000t\000\050\000x\000\040\000x\0001\000\051}{section.17.6}% 385
\BOOKMARK [2][-]{subsection.17.6.2}{\376\377\000F\000l\000o\000w\000\040\000M\000a\000t\000c\000h\000i\000n\000g\000\040\000c\000o\000n\000\040\000O\000p\000t\000i\000m\000a\000l\000\040\000T\000r\000a\000n\000s\000p\000o\000r\000t\000\040\000C\000o\000n\000d\000i\000z\000i\000o\000n\000a\000l\000e}{section.17.6}% 386
\BOOKMARK [1][-]{section.17.7}{\376\377\000T\000r\000a\000i\000e\000t\000t\000o\000r\000i\000e\000\040\000A\000f\000f\000i\000n\000i\000\040\000e\000\040\000P\000e\000r\000c\000o\000r\000s\000i\000\040\000G\000a\000u\000s\000s\000i\000a\000n\000i}{chapter.17}% 387
\BOOKMARK [2][-]{subsection.17.7.1}{\376\377\000T\000r\000a\000i\000e\000t\000t\000o\000r\000i\000e\000\040\000A\000f\000f\000i\000n\000i}{section.17.7}% 388
\BOOKMARK [2][-]{subsection.17.7.2}{\376\377\000P\000e\000r\000c\000o\000r\000s\000i\000\040\000G\000a\000u\000s\000s\000i\000a\000n\000i\000\040\000e\000\040\000C\000o\000n\000n\000e\000s\000s\000i\000o\000n\000e\000\040\000c\000o\000n\000\040\000l\000a\000\040\000D\000i\000f\000f\000u\000s\000i\000o\000n\000e}{section.17.7}% 389
\BOOKMARK [1][-]{section.17.8}{\376\377\000R\000e\000f\000l\000o\000w\000:\000\040\000R\000a\000d\000d\000r\000i\000z\000z\000a\000m\000e\000n\000t\000o\000\040\000d\000e\000l\000l\000e\000\040\000T\000r\000a\000i\000e\000t\000t\000o\000r\000i\000e}{chapter.17}% 390
\BOOKMARK [2][-]{subsection.17.8.1}{\376\377\000M\000o\000t\000i\000v\000a\000z\000i\000o\000n\000e}{section.17.8}% 391
\BOOKMARK [2][-]{subsection.17.8.2}{\376\377\000E\000f\000f\000e\000t\000t\000i\000\040\000d\000e\000l\000\040\000R\000e\000f\000l\000o\000w}{section.17.8}% 392
\BOOKMARK [1][-]{section.17.9}{\376\377\000F\000l\000o\000w\000\040\000M\000a\000t\000c\000h\000i\000n\000g\000\040\000C\000o\000n\000d\000i\000z\000i\000o\000n\000a\000t\000o}{chapter.17}% 393
\BOOKMARK [2][-]{subsection.17.9.1}{\376\377\000M\000o\000d\000e\000l\000l\000i\000\040\000G\000e\000n\000e\000r\000a\000t\000i\000v\000i\000\040\000C\000o\000n\000d\000i\000z\000i\000o\000n\000a\000l\000i}{section.17.9}% 394
\BOOKMARK [2][-]{subsection.17.9.2}{\376\377\000G\000u\000i\000d\000a\000n\000c\000e\000\040\000p\000e\000r\000\040\000F\000l\000o\000w\000\040\000M\000a\000t\000c\000h\000i\000n\000g}{section.17.9}% 395
\BOOKMARK [1][-]{section.17.10}{\376\377\000M\000u\000l\000t\000i\000m\000o\000d\000a\000l\000\040\000D\000i\000f\000f\000u\000s\000i\000o\000n\000\040\000T\000r\000a\000n\000s\000f\000o\000r\000m\000e\000r\000s\000\040\000\050\000M\000M\000D\000i\000T\000\051}{chapter.17}% 396
\BOOKMARK [2][-]{subsection.17.10.1}{\376\377\000D\000i\000f\000f\000u\000s\000i\000o\000n\000\040\000T\000r\000a\000n\000s\000f\000o\000r\000m\000e\000r\000\040\000\050\000D\000i\000T\000\051}{section.17.10}% 397
\BOOKMARK [2][-]{subsection.17.10.2}{\376\377\000M\000u\000l\000t\000i\000-\000M\000o\000d\000a\000l\000\040\000D\000i\000f\000f\000u\000s\000i\000o\000n\000\040\000T\000r\000a\000n\000s\000f\000o\000r\000m\000e\000r\000\040\000\050\000M\000M\000D\000i\000T\000\051}{section.17.10}% 398
\BOOKMARK [1][-]{section.17.11}{\376\377\000S\000t\000a\000b\000l\000e\000\040\000D\000i\000f\000f\000u\000s\000i\000o\000n\000\040\0003}{chapter.17}% 399
\BOOKMARK [2][-]{subsection.17.11.1}{\376\377\000A\000r\000c\000h\000i\000t\000e\000t\000t\000u\000r\000a\000\040\000C\000o\000m\000p\000l\000e\000s\000s\000i\000v\000a}{section.17.11}% 400
\BOOKMARK [2][-]{subsection.17.11.2}{\376\377\000I\000l\000\040\000R\000u\000o\000l\000o\000\040\000d\000i\000\040\000T\0005\000\040\000i\000n\000\040\000S\000D\0003}{section.17.11}% 401
\BOOKMARK [2][-]{subsection.17.11.3}{\376\377\000F\000o\000r\000m\000a\000z\000i\000o\000n\000e\000\040\000d\000e\000l\000\040\000M\000o\000d\000e\000l\000l\000o\000\040\000e\000\040\000S\000c\000e\000l\000t\000e\000\040\000d\000i\000\040\000D\000e\000s\000i\000g\000n}{section.17.11}% 402
\BOOKMARK [1][-]{section.17.12}{\376\377\000P\000r\000o\000c\000e\000d\000u\000r\000a\000\040\000d\000i\000\040\000A\000d\000d\000e\000s\000t\000r\000a\000m\000e\000n\000t\000o\000\040\000e\000\040\000C\000a\000m\000p\000i\000o\000n\000a\000m\000e\000n\000t\000o}{chapter.17}% 403
\BOOKMARK [2][-]{subsection.17.12.1}{\376\377\000P\000r\000o\000c\000e\000d\000u\000r\000a\000\040\000d\000i\000\040\000T\000r\000a\000i\000n\000i\000n\000g}{section.17.12}% 404
\BOOKMARK [2][-]{subsection.17.12.2}{\376\377\000C\000a\000m\000p\000i\000o\000n\000a\000m\000e\000n\000t\000o}{section.17.12}% 405
\BOOKMARK [1][-]{section.17.13}{\376\377\000C\000o\000n\000n\000e\000s\000s\000i\000o\000n\000i\000\040\000c\000o\000n\000\040\000A\000l\000t\000r\000i\000\040\000M\000o\000d\000e\000l\000l\000i\000\040\000G\000e\000n\000e\000r\000a\000t\000i\000v\000i}{chapter.17}% 406
\BOOKMARK [0][-]{chapter.18}{\376\377\000A\000d\000v\000a\000n\000c\000e\000d\000\040\000M\000u\000l\000t\000i\000-\000H\000e\000a\000d\000\040\000A\000t\000t\000e\000n\000t\000i\000o\000n}{}% 407
\BOOKMARK [1][-]{section.18.1}{\376\377\000K\000V\000\040\000C\000a\000c\000h\000e}{chapter.18}% 408
\BOOKMARK [2][-]{subsection.18.1.1}{\376\377\000R\000i\000e\000p\000i\000l\000o\000g\000o\000\040\000d\000e\000l\000l\000a\000\040\000M\000u\000l\000t\000i\000-\000H\000e\000a\000d\000\040\000A\000t\000t\000e\000n\000t\000i\000o\000n}{section.18.1}% 409
\BOOKMARK [2][-]{subsection.18.1.2}{\376\377\000C\000o\000m\000p\000u\000t\000a\000z\000i\000o\000n\000e\000\040\000a\000\040\000o\000g\000n\000i\000\040\000p\000a\000s\000s\000o\000\040\000a\000u\000t\000o\000r\000e\000g\000r\000e\000s\000s\000i\000v\000o}{section.18.1}% 410
\BOOKMARK [2][-]{subsection.18.1.3}{\376\377\000M\000e\000c\000c\000a\000n\000i\000s\000m\000o\000\040\000d\000e\000l\000l\000a\000\040\000K\000V\000\040\000C\000a\000c\000h\000e}{section.18.1}% 411
\BOOKMARK [2][-]{subsection.18.1.4}{\376\377\000D\000i\000m\000e\000n\000s\000i\000o\000n\000e\000\040\000d\000e\000l\000l\000a\000\040\000K\000V\000\040\000C\000a\000c\000h\000e}{section.18.1}% 412
\BOOKMARK [1][-]{section.18.2}{\376\377\000M\000u\000l\000t\000i\000-\000Q\000u\000e\000r\000y\000\040\000A\000t\000t\000e\000n\000t\000i\000o\000n}{chapter.18}% 413
\BOOKMARK [2][-]{subsection.18.2.1}{\376\377\000M\000o\000t\000i\000v\000a\000z\000i\000o\000n\000e}{section.18.2}% 414
\BOOKMARK [2][-]{subsection.18.2.2}{\376\377\000A\000r\000c\000h\000i\000t\000e\000t\000t\000u\000r\000a}{section.18.2}% 415
\BOOKMARK [2][-]{subsection.18.2.3}{\376\377\000D\000i\000m\000e\000n\000s\000i\000o\000n\000e\000\040\000d\000e\000l\000l\000a\000\040\000K\000V\000\040\000C\000a\000c\000h\000e\000\040\000c\000o\000n\000\040\000M\000Q\000A}{section.18.2}% 416
\BOOKMARK [2][-]{subsection.18.2.4}{\376\377\000I\000m\000p\000a\000t\000t\000o\000\040\000s\000u\000l\000l\000e\000\040\000P\000r\000e\000s\000t\000a\000z\000i\000o\000n\000i}{section.18.2}% 417
\BOOKMARK [1][-]{section.18.3}{\376\377\000G\000r\000o\000u\000p\000e\000d\000-\000Q\000u\000e\000r\000y\000\040\000A\000t\000t\000e\000n\000t\000i\000o\000n}{chapter.18}% 418
\BOOKMARK [2][-]{subsection.18.3.1}{\376\377\000M\000o\000t\000i\000v\000a\000z\000i\000o\000n\000e\000\040\000e\000\040\000A\000r\000c\000h\000i\000t\000e\000t\000t\000u\000r\000a}{section.18.3}% 419
\BOOKMARK [2][-]{subsection.18.3.2}{\376\377\000D\000i\000m\000e\000n\000s\000i\000o\000n\000e\000\040\000d\000e\000l\000l\000a\000\040\000K\000V\000\040\000C\000a\000c\000h\000e\000\040\000c\000o\000n\000\040\000G\000Q\000A}{section.18.3}% 420
\BOOKMARK [2][-]{subsection.18.3.3}{\376\377\000I\000m\000p\000a\000t\000t\000o\000\040\000s\000u\000l\000l\000e\000\040\000P\000r\000e\000s\000t\000a\000z\000i\000o\000n\000i}{section.18.3}% 421
\BOOKMARK [1][-]{section.18.4}{\376\377\000R\000o\000t\000a\000r\000y\000\040\000P\000o\000s\000i\000t\000i\000o\000n\000a\000l\000\040\000E\000m\000b\000e\000d\000d\000i\000n\000g\000s\000\040\000\050\000R\000o\000P\000E\000\051}{chapter.18}% 422
\BOOKMARK [2][-]{subsection.18.4.1}{\376\377\000L\000i\000m\000i\000t\000i\000\040\000d\000e\000g\000l\000i\000\040\000E\000m\000b\000e\000d\000d\000i\000n\000g\000\040\000P\000o\000s\000i\000z\000i\000o\000n\000a\000l\000i\000\040\000A\000s\000s\000o\000l\000u\000t\000i}{section.18.4}% 423
\BOOKMARK [2][-]{subsection.18.4.2}{\376\377\000E\000m\000b\000e\000d\000d\000i\000n\000g\000\040\000P\000o\000s\000i\000z\000i\000o\000n\000a\000l\000i\000\040\000R\000e\000l\000a\000t\000i\000v\000i}{section.18.4}% 424
\BOOKMARK [2][-]{subsection.18.4.3}{\376\377\000M\000a\000t\000r\000i\000c\000e\000\040\000d\000i\000\040\000R\000o\000t\000a\000z\000i\000o\000n\000e}{section.18.4}% 425
\BOOKMARK [2][-]{subsection.18.4.4}{\376\377\000F\000o\000r\000m\000u\000l\000a\000z\000i\000o\000n\000e\000\040\000d\000i\000\040\000R\000o\000P\000E}{section.18.4}% 426
\BOOKMARK [2][-]{subsection.18.4.5}{\376\377\000E\000s\000t\000e\000n\000s\000i\000o\000n\000e\000\040\000a\000\040\000d\000i\000m\000e\000n\000s\000i\000o\000n\000i\000\040\000s\000u\000p\000e\000r\000i\000o\000r\000i}{section.18.4}% 427
\BOOKMARK [1][-]{section.18.5}{\376\377\000M\000u\000l\000t\000i\000-\000H\000e\000a\000d\000\040\000L\000a\000t\000e\000n\000t\000\040\000A\000t\000t\000e\000n\000t\000i\000o\000n}{chapter.18}% 428
\BOOKMARK [2][-]{subsection.18.5.1}{\376\377\000M\000o\000t\000i\000v\000a\000z\000i\000o\000n\000e}{section.18.5}% 429
\BOOKMARK [2][-]{subsection.18.5.2}{\376\377\000C\000o\000m\000p\000r\000e\000s\000s\000i\000o\000n\000e\000\040\000d\000e\000l\000l\000a\000\040\000K\000V\000\040\000C\000a\000c\000h\000e}{section.18.5}% 430
\BOOKMARK [2][-]{subsection.18.5.3}{\376\377\000A\000s\000s\000o\000r\000b\000i\000m\000e\000n\000t\000o\000\040\000d\000e\000l\000l\000e\000\040\000m\000a\000t\000r\000i\000c\000i\000\040\000d\000i\000\040\000p\000r\000o\000i\000e\000z\000i\000o\000n\000e}{section.18.5}% 431
\BOOKMARK [2][-]{subsection.18.5.4}{\376\377\000R\000o\000P\000E\000\040\000D\000i\000s\000a\000c\000c\000o\000p\000p\000i\000a\000t\000a}{section.18.5}% 432
\BOOKMARK [2][-]{subsection.18.5.5}{\376\377\000C\000a\000l\000c\000o\000l\000o\000\040\000C\000o\000m\000p\000l\000e\000t\000o\000\040\000d\000i\000\040\000M\000L\000A}{section.18.5}% 433
\BOOKMARK [2][-]{subsection.18.5.6}{\376\377\000D\000i\000m\000e\000n\000s\000i\000o\000n\000e\000\040\000d\000e\000l\000l\000a\000\040\000K\000V\000\040\000C\000a\000c\000h\000e\000\040\000c\000o\000n\000\040\000M\000L\000A}{section.18.5}% 434
\BOOKMARK [1][-]{section.18.6}{\376\377\000R\000i\000e\000p\000i\000l\000o\000g\000o\000\040\000e\000\040\000C\000o\000n\000f\000r\000o\000n\000t\000o}{chapter.18}% 435
